Archive member included because of file (symbol)

/Users/yishii/Dropbox/lpcXpresso/CMSISv2p00_LPC11Uxx/Release/libCMSISv2p00_LPC11Uxx.a(system_LPC11Uxx.o)
                              ./src/main.o (SystemCoreClockUpdate)
/Applications/lpcxpresso_6.1.2_177/lpcxpresso/tools/bin/../lib/gcc/arm-none-eabi/4.6.2/../../../../arm-none-eabi/lib/armv6-m/libcr_c.a(memcpy.o)
                              ./src/console.o (memcpy)
/Applications/lpcxpresso_6.1.2_177/lpcxpresso/tools/bin/../lib/gcc/arm-none-eabi/4.6.2/../../../../arm-none-eabi/lib/armv6-m/libcr_c.a(memset.o)
                              ./src/console.o (memset)
/Applications/lpcxpresso_6.1.2_177/lpcxpresso/tools/bin/../lib/gcc/arm-none-eabi/4.6.2/../../../../arm-none-eabi/lib/armv6-m/libcr_c.a(__weak__main.o)
                              ./src/cr_startup_lpc11u.o (__main)
/Applications/lpcxpresso_6.1.2_177/lpcxpresso/tools/bin/../lib/gcc/arm-none-eabi/4.6.2/../../../../arm-none-eabi/lib/armv6-m/libcr_c.a(scanf.o)
                              ./src/console.o (sscanf)
/Applications/lpcxpresso_6.1.2_177/lpcxpresso/tools/bin/../lib/gcc/arm-none-eabi/4.6.2/../../../../arm-none-eabi/lib/armv6-m/libcr_c.a(stdio.o)
                              /Applications/lpcxpresso_6.1.2_177/lpcxpresso/tools/bin/../lib/gcc/arm-none-eabi/4.6.2/../../../../arm-none-eabi/lib/armv6-m/libcr_c.a(scanf.o) (__Ciob)
/Applications/lpcxpresso_6.1.2_177/lpcxpresso/tools/bin/../lib/gcc/arm-none-eabi/4.6.2/../../../../arm-none-eabi/lib/armv6-m/libcr_c.a(strlen.o)
                              ./src/console.o (strlen)
/Applications/lpcxpresso_6.1.2_177/lpcxpresso/tools/bin/../lib/gcc/arm-none-eabi/4.6.2/../../../../arm-none-eabi/lib/armv6-m/libcr_c.a(ungetc.o)
                              /Applications/lpcxpresso_6.1.2_177/lpcxpresso/tools/bin/../lib/gcc/arm-none-eabi/4.6.2/../../../../arm-none-eabi/lib/armv6-m/libcr_c.a(scanf.o) (ungetc)
/Applications/lpcxpresso_6.1.2_177/lpcxpresso/tools/bin/../lib/gcc/arm-none-eabi/4.6.2/../../../../arm-none-eabi/lib/armv6-m/libcr_c.a(__fillbuf.o)
                              /Applications/lpcxpresso_6.1.2_177/lpcxpresso/tools/bin/../lib/gcc/arm-none-eabi/4.6.2/../../../../arm-none-eabi/lib/armv6-m/libcr_c.a(scanf.o) (__filbuf)
/Applications/lpcxpresso_6.1.2_177/lpcxpresso/tools/bin/../lib/gcc/arm-none-eabi/4.6.2/../../../../arm-none-eabi/lib/armv6-m/libcr_c.a(_deferredlazyseek.o)
                              /Applications/lpcxpresso_6.1.2_177/lpcxpresso/tools/bin/../lib/gcc/arm-none-eabi/4.6.2/../../../../arm-none-eabi/lib/armv6-m/libcr_c.a(__fillbuf.o) (_deferredlazyseek)
/Applications/lpcxpresso_6.1.2_177/lpcxpresso/tools/bin/../lib/gcc/arm-none-eabi/4.6.2/../../../../arm-none-eabi/lib/armv6-m/libcr_c.a(_fflush.o)
                              /Applications/lpcxpresso_6.1.2_177/lpcxpresso/tools/bin/../lib/gcc/arm-none-eabi/4.6.2/../../../../arm-none-eabi/lib/armv6-m/libcr_c.a(__fillbuf.o) (_fflush)
/Applications/lpcxpresso_6.1.2_177/lpcxpresso/tools/bin/../lib/gcc/arm-none-eabi/4.6.2/../../../../arm-none-eabi/lib/armv6-m/libcr_c.a(_frexpl.o)
                              /Applications/lpcxpresso_6.1.2_177/lpcxpresso/tools/bin/../lib/gcc/arm-none-eabi/4.6.2/../../../../arm-none-eabi/lib/armv6-m/libcr_c.a(scanf.o) (_frexpl)
/Applications/lpcxpresso_6.1.2_177/lpcxpresso/tools/bin/../lib/gcc/arm-none-eabi/4.6.2/../../../../arm-none-eabi/lib/armv6-m/libcr_c.a(_hugeval.o)
                              /Applications/lpcxpresso_6.1.2_177/lpcxpresso/tools/bin/../lib/gcc/arm-none-eabi/4.6.2/../../../../arm-none-eabi/lib/armv6-m/libcr_c.a(scanf.o) (__huge_vall)
/Applications/lpcxpresso_6.1.2_177/lpcxpresso/tools/bin/../lib/gcc/arm-none-eabi/4.6.2/../../../../arm-none-eabi/lib/armv6-m/libcr_c.a(_ldexpl.o)
                              /Applications/lpcxpresso_6.1.2_177/lpcxpresso/tools/bin/../lib/gcc/arm-none-eabi/4.6.2/../../../../arm-none-eabi/lib/armv6-m/libcr_c.a(scanf.o) (_ldexpl)
/Applications/lpcxpresso_6.1.2_177/lpcxpresso/tools/bin/../lib/gcc/arm-none-eabi/4.6.2/../../../../arm-none-eabi/lib/armv6-m/libcr_c.a(_writebuf.o)
                              /Applications/lpcxpresso_6.1.2_177/lpcxpresso/tools/bin/../lib/gcc/arm-none-eabi/4.6.2/../../../../arm-none-eabi/lib/armv6-m/libcr_c.a(_deferredlazyseek.o) (_Cwritebuf)
/Applications/lpcxpresso_6.1.2_177/lpcxpresso/tools/bin/../lib/gcc/arm-none-eabi/4.6.2/../../../../arm-none-eabi/lib/armv6-m/libcr_c.a(alloc.o)
                              /Applications/lpcxpresso_6.1.2_177/lpcxpresso/tools/bin/../lib/gcc/arm-none-eabi/4.6.2/../../../../arm-none-eabi/lib/armv6-m/libcr_c.a(__fillbuf.o) (_Csys_alloc)
/Applications/lpcxpresso_6.1.2_177/lpcxpresso/tools/bin/../lib/gcc/arm-none-eabi/4.6.2/../../../../arm-none-eabi/lib/armv6-m/libcr_c.a(ctype.o)
                              /Applications/lpcxpresso_6.1.2_177/lpcxpresso/tools/bin/../lib/gcc/arm-none-eabi/4.6.2/../../../../arm-none-eabi/lib/armv6-m/libcr_c.a(scanf.o) (__ctype)
/Applications/lpcxpresso_6.1.2_177/lpcxpresso/tools/bin/../lib/gcc/arm-none-eabi/4.6.2/../../../../arm-none-eabi/lib/armv6-m/libcr_c.a(errno.o)
                              /Applications/lpcxpresso_6.1.2_177/lpcxpresso/tools/bin/../lib/gcc/arm-none-eabi/4.6.2/../../../../arm-none-eabi/lib/armv6-m/libcr_c.a(scanf.o) (errno)
/Applications/lpcxpresso_6.1.2_177/lpcxpresso/tools/bin/../lib/gcc/arm-none-eabi/4.6.2/../../../../arm-none-eabi/lib/armv6-m/libcr_c.a(fseek.o)
                              /Applications/lpcxpresso_6.1.2_177/lpcxpresso/tools/bin/../lib/gcc/arm-none-eabi/4.6.2/../../../../arm-none-eabi/lib/armv6-m/libcr_c.a(_deferredlazyseek.o) (fseek)
/Applications/lpcxpresso_6.1.2_177/lpcxpresso/tools/bin/../lib/gcc/arm-none-eabi/4.6.2/../../../../arm-none-eabi/lib/armv6-m/libcr_c.a(ftell.o)
                              /Applications/lpcxpresso_6.1.2_177/lpcxpresso/tools/bin/../lib/gcc/arm-none-eabi/4.6.2/../../../../arm-none-eabi/lib/armv6-m/libcr_c.a(fseek.o) (ftell)
/Applications/lpcxpresso_6.1.2_177/lpcxpresso/tools/bin/../lib/gcc/arm-none-eabi/4.6.2/../../../../arm-none-eabi/lib/armv6-m/libcr_c.a(__init_alloc.o)
                              /Applications/lpcxpresso_6.1.2_177/lpcxpresso/tools/bin/../lib/gcc/arm-none-eabi/4.6.2/../../../../arm-none-eabi/lib/armv6-m/libcr_c.a(alloc.o) (__heaps)
/Applications/lpcxpresso_6.1.2_177/lpcxpresso/tools/bin/../lib/gcc/arm-none-eabi/4.6.2/armv6-m/libcr_eabihelpers.a(division.o)
                              /Applications/lpcxpresso_6.1.2_177/lpcxpresso/tools/bin/../lib/gcc/arm-none-eabi/4.6.2/../../../../arm-none-eabi/lib/armv6-m/libcr_c.a(scanf.o) (__aeabi_idiv)
/Applications/lpcxpresso_6.1.2_177/lpcxpresso/tools/bin/../lib/gcc/arm-none-eabi/4.6.2/armv6-m/libcr_eabihelpers.a(double.o)
                              /Applications/lpcxpresso_6.1.2_177/lpcxpresso/tools/bin/../lib/gcc/arm-none-eabi/4.6.2/../../../../arm-none-eabi/lib/armv6-m/libcr_c.a(scanf.o) (__aeabi_dmul)
/Applications/lpcxpresso_6.1.2_177/lpcxpresso/tools/bin/../lib/gcc/arm-none-eabi/4.6.2/armv6-m/libcr_eabihelpers.a(llong.o)
                              /Applications/lpcxpresso_6.1.2_177/lpcxpresso/tools/bin/../lib/gcc/arm-none-eabi/4.6.2/armv6-m/libcr_eabihelpers.a(double.o) (__aeabi_lmul)
/Applications/lpcxpresso_6.1.2_177/lpcxpresso/tools/bin/../lib/gcc/arm-none-eabi/4.6.2/armv6-m/libcr_eabihelpers.a(memcpy.o)
                              /Applications/lpcxpresso_6.1.2_177/lpcxpresso/tools/bin/../lib/gcc/arm-none-eabi/4.6.2/../../../../arm-none-eabi/lib/armv6-m/libcr_c.a(memcpy.o) (__aeabi_memcpy)
/Applications/lpcxpresso_6.1.2_177/lpcxpresso/tools/bin/../lib/gcc/arm-none-eabi/4.6.2/armv6-m/libcr_eabihelpers.a(thumb1_switch_helpers.o)
                              ./src/gpio.o (__gnu_thumb1_case_uqi)

Allocating common symbols
Common symbol       size              file

g_vCOM              0x28              ./src/main.o
lcd_buffer          0x80              ./src/main.o
pUsbApi             0x4               ./src/main.o
__heaps             0x4               /Applications/lpcxpresso_6.1.2_177/lpcxpresso/tools/bin/../lib/gcc/arm-none-eabi/4.6.2/../../../../arm-none-eabi/lib/armv6-m/libcr_c.a(__init_alloc.o)
__end_of_heap       0x4               /Applications/lpcxpresso_6.1.2_177/lpcxpresso/tools/bin/../lib/gcc/arm-none-eabi/4.6.2/../../../../arm-none-eabi/lib/armv6-m/libcr_c.a(__init_alloc.o)
__Ciob              0x140             /Applications/lpcxpresso_6.1.2_177/lpcxpresso/tools/bin/../lib/gcc/arm-none-eabi/4.6.2/../../../../arm-none-eabi/lib/armv6-m/libcr_c.a(stdio.o)

Discarded input sections

 .text          0x0000000000000000        0x0 ./src/7x5fonts.o
 .data          0x0000000000000000        0x0 ./src/7x5fonts.o
 .bss           0x0000000000000000        0x0 ./src/7x5fonts.o
 .text          0x0000000000000000        0x0 ./src/cdc_desc.o
 .data          0x0000000000000000        0x0 ./src/cdc_desc.o
 .bss           0x0000000000000000        0x0 ./src/cdc_desc.o
 .text          0x0000000000000000        0x0 ./src/console.o
 .data          0x0000000000000000        0x0 ./src/console.o
 .bss           0x0000000000000000        0x0 ./src/console.o
 .text.CONSOLE_NewLine
                0x0000000000000000       0x18 ./src/console.o
 .text          0x0000000000000000        0x0 ./src/cr_startup_lpc11u.o
 .data          0x0000000000000000        0x0 ./src/cr_startup_lpc11u.o
 .bss           0x0000000000000000        0x0 ./src/cr_startup_lpc11u.o
 .text          0x0000000000000000        0x0 ./src/fifo.o
 .data          0x0000000000000000        0x0 ./src/fifo.o
 .bss           0x0000000000000000        0x0 ./src/fifo.o
 .text.FIFO_GetTotalSize
                0x0000000000000000        0xc ./src/fifo.o
 .text.FIFO_Flush
                0x0000000000000000       0x1c ./src/fifo.o
 .text          0x0000000000000000        0x0 ./src/gpio.o
 .data          0x0000000000000000        0x0 ./src/gpio.o
 .bss           0x0000000000000000        0x0 ./src/gpio.o
 .text.NVIC_EnableIRQ
                0x0000000000000000       0x14 ./src/gpio.o
 .text.GPIOSetFlexInterrupt
                0x0000000000000000       0xf4 ./src/gpio.o
 .text.GPIOFlexIntEnable
                0x0000000000000000       0x28 ./src/gpio.o
 .text.GPIOFlexIntDisable
                0x0000000000000000       0x28 ./src/gpio.o
 .text.GPIOFlexIntStatus
                0x0000000000000000       0x18 ./src/gpio.o
 .text.GPIOFlexIntClear
                0x0000000000000000       0x18 ./src/gpio.o
 .text.GPIOSetGroupedInterrupt
                0x0000000000000000       0xac ./src/gpio.o
 .text.GPIOGetPinValue
                0x0000000000000000       0x38 ./src/gpio.o
 .text          0x0000000000000000        0x0 ./src/iohandler.o
 .data          0x0000000000000000        0x0 ./src/iohandler.o
 .bss           0x0000000000000000        0x0 ./src/iohandler.o
 .text.__sys_istty
                0x0000000000000000        0x4 ./src/iohandler.o
 .text          0x0000000000000000        0x0 ./src/lcd_control.o
 .data          0x0000000000000000        0x0 ./src/lcd_control.o
 .bss           0x0000000000000000        0x0 ./src/lcd_control.o
 .text.LCD_OutputString
                0x0000000000000000       0x14 ./src/lcd_control.o
 .text          0x0000000000000000        0x0 ./src/main.o
 .data          0x0000000000000000        0x0 ./src/main.o
 .bss           0x0000000000000000        0x0 ./src/main.o
 .text          0x0000000000000000        0x0 ./src/systick.o
 .data          0x0000000000000000        0x0 ./src/systick.o
 .bss           0x0000000000000000        0x0 ./src/systick.o
 .text.wait_sec
                0x0000000000000000       0x16 ./src/systick.o
 .text          0x0000000000000000        0x0 /Users/yishii/Dropbox/lpcXpresso/CMSISv2p00_LPC11Uxx/Release/libCMSISv2p00_LPC11Uxx.a(system_LPC11Uxx.o)
 .data          0x0000000000000000        0x0 /Users/yishii/Dropbox/lpcXpresso/CMSISv2p00_LPC11Uxx/Release/libCMSISv2p00_LPC11Uxx.a(system_LPC11Uxx.o)
 .bss           0x0000000000000000        0x0 /Users/yishii/Dropbox/lpcXpresso/CMSISv2p00_LPC11Uxx/Release/libCMSISv2p00_LPC11Uxx.a(system_LPC11Uxx.o)
 .text          0x0000000000000000        0x0 /Applications/lpcxpresso_6.1.2_177/lpcxpresso/tools/bin/../lib/gcc/arm-none-eabi/4.6.2/../../../../arm-none-eabi/lib/armv6-m/libcr_c.a(memcpy.o)
 .data          0x0000000000000000        0x0 /Applications/lpcxpresso_6.1.2_177/lpcxpresso/tools/bin/../lib/gcc/arm-none-eabi/4.6.2/../../../../arm-none-eabi/lib/armv6-m/libcr_c.a(memcpy.o)
 .bss           0x0000000000000000        0x0 /Applications/lpcxpresso_6.1.2_177/lpcxpresso/tools/bin/../lib/gcc/arm-none-eabi/4.6.2/../../../../arm-none-eabi/lib/armv6-m/libcr_c.a(memcpy.o)
 .text          0x0000000000000000        0x0 /Applications/lpcxpresso_6.1.2_177/lpcxpresso/tools/bin/../lib/gcc/arm-none-eabi/4.6.2/../../../../arm-none-eabi/lib/armv6-m/libcr_c.a(memset.o)
 .data          0x0000000000000000        0x0 /Applications/lpcxpresso_6.1.2_177/lpcxpresso/tools/bin/../lib/gcc/arm-none-eabi/4.6.2/../../../../arm-none-eabi/lib/armv6-m/libcr_c.a(memset.o)
 .bss           0x0000000000000000        0x0 /Applications/lpcxpresso_6.1.2_177/lpcxpresso/tools/bin/../lib/gcc/arm-none-eabi/4.6.2/../../../../arm-none-eabi/lib/armv6-m/libcr_c.a(memset.o)
 .text          0x0000000000000000        0x0 /Applications/lpcxpresso_6.1.2_177/lpcxpresso/tools/bin/../lib/gcc/arm-none-eabi/4.6.2/../../../../arm-none-eabi/lib/armv6-m/libcr_c.a(__weak__main.o)
 .data          0x0000000000000000        0x0 /Applications/lpcxpresso_6.1.2_177/lpcxpresso/tools/bin/../lib/gcc/arm-none-eabi/4.6.2/../../../../arm-none-eabi/lib/armv6-m/libcr_c.a(__weak__main.o)
 .bss           0x0000000000000000        0x0 /Applications/lpcxpresso_6.1.2_177/lpcxpresso/tools/bin/../lib/gcc/arm-none-eabi/4.6.2/../../../../arm-none-eabi/lib/armv6-m/libcr_c.a(__weak__main.o)
 .text          0x0000000000000000        0x0 /Applications/lpcxpresso_6.1.2_177/lpcxpresso/tools/bin/../lib/gcc/arm-none-eabi/4.6.2/../../../../arm-none-eabi/lib/armv6-m/libcr_c.a(scanf.o)
 .data          0x0000000000000000        0x0 /Applications/lpcxpresso_6.1.2_177/lpcxpresso/tools/bin/../lib/gcc/arm-none-eabi/4.6.2/../../../../arm-none-eabi/lib/armv6-m/libcr_c.a(scanf.o)
 .bss           0x0000000000000000        0x0 /Applications/lpcxpresso_6.1.2_177/lpcxpresso/tools/bin/../lib/gcc/arm-none-eabi/4.6.2/../../../../arm-none-eabi/lib/armv6-m/libcr_c.a(scanf.o)
 .text._strtoul
                0x0000000000000000       0xd0 /Applications/lpcxpresso_6.1.2_177/lpcxpresso/tools/bin/../lib/gcc/arm-none-eabi/4.6.2/../../../../arm-none-eabi/lib/armv6-m/libcr_c.a(scanf.o)
 .text._ncc_vfscanf
                0x0000000000000000        0x8 /Applications/lpcxpresso_6.1.2_177/lpcxpresso/tools/bin/../lib/gcc/arm-none-eabi/4.6.2/../../../../arm-none-eabi/lib/armv6-m/libcr_c.a(scanf.o)
 .text.fscanf   0x0000000000000000       0x16 /Applications/lpcxpresso_6.1.2_177/lpcxpresso/tools/bin/../lib/gcc/arm-none-eabi/4.6.2/../../../../arm-none-eabi/lib/armv6-m/libcr_c.a(scanf.o)
 .text.scanf    0x0000000000000000       0x1c /Applications/lpcxpresso_6.1.2_177/lpcxpresso/tools/bin/../lib/gcc/arm-none-eabi/4.6.2/../../../../arm-none-eabi/lib/armv6-m/libcr_c.a(scanf.o)
 .text.strtod   0x0000000000000000       0x48 /Applications/lpcxpresso_6.1.2_177/lpcxpresso/tools/bin/../lib/gcc/arm-none-eabi/4.6.2/../../../../arm-none-eabi/lib/armv6-m/libcr_c.a(scanf.o)
 .text.strtol   0x0000000000000000       0x80 /Applications/lpcxpresso_6.1.2_177/lpcxpresso/tools/bin/../lib/gcc/arm-none-eabi/4.6.2/../../../../arm-none-eabi/lib/armv6-m/libcr_c.a(scanf.o)
 .text.strtoul  0x0000000000000000       0x88 /Applications/lpcxpresso_6.1.2_177/lpcxpresso/tools/bin/../lib/gcc/arm-none-eabi/4.6.2/../../../../arm-none-eabi/lib/armv6-m/libcr_c.a(scanf.o)
 .text.atof     0x0000000000000000       0x14 /Applications/lpcxpresso_6.1.2_177/lpcxpresso/tools/bin/../lib/gcc/arm-none-eabi/4.6.2/../../../../arm-none-eabi/lib/armv6-m/libcr_c.a(scanf.o)
 .text.atoi     0x0000000000000000       0x18 /Applications/lpcxpresso_6.1.2_177/lpcxpresso/tools/bin/../lib/gcc/arm-none-eabi/4.6.2/../../../../arm-none-eabi/lib/armv6-m/libcr_c.a(scanf.o)
 .text.atol     0x0000000000000000       0x18 /Applications/lpcxpresso_6.1.2_177/lpcxpresso/tools/bin/../lib/gcc/arm-none-eabi/4.6.2/../../../../arm-none-eabi/lib/armv6-m/libcr_c.a(scanf.o)
 .rodata.str1.1
                0x0000000000000000        0x6 /Applications/lpcxpresso_6.1.2_177/lpcxpresso/tools/bin/../lib/gcc/arm-none-eabi/4.6.2/../../../../arm-none-eabi/lib/armv6-m/libcr_c.a(scanf.o)
 .text          0x0000000000000000        0x0 /Applications/lpcxpresso_6.1.2_177/lpcxpresso/tools/bin/../lib/gcc/arm-none-eabi/4.6.2/../../../../arm-none-eabi/lib/armv6-m/libcr_c.a(stdio.o)
 .data          0x0000000000000000        0x0 /Applications/lpcxpresso_6.1.2_177/lpcxpresso/tools/bin/../lib/gcc/arm-none-eabi/4.6.2/../../../../arm-none-eabi/lib/armv6-m/libcr_c.a(stdio.o)
 .bss           0x0000000000000000        0x0 /Applications/lpcxpresso_6.1.2_177/lpcxpresso/tools/bin/../lib/gcc/arm-none-eabi/4.6.2/../../../../arm-none-eabi/lib/armv6-m/libcr_c.a(stdio.o)
 .text.fgetc    0x0000000000000000       0x1e /Applications/lpcxpresso_6.1.2_177/lpcxpresso/tools/bin/../lib/gcc/arm-none-eabi/4.6.2/../../../../arm-none-eabi/lib/armv6-m/libcr_c.a(stdio.o)
 .text.fputc    0x0000000000000000       0x1e /Applications/lpcxpresso_6.1.2_177/lpcxpresso/tools/bin/../lib/gcc/arm-none-eabi/4.6.2/../../../../arm-none-eabi/lib/armv6-m/libcr_c.a(stdio.o)
 .text.getc     0x0000000000000000       0x1e /Applications/lpcxpresso_6.1.2_177/lpcxpresso/tools/bin/../lib/gcc/arm-none-eabi/4.6.2/../../../../arm-none-eabi/lib/armv6-m/libcr_c.a(stdio.o)
 .text.getchar  0x0000000000000000       0x24 /Applications/lpcxpresso_6.1.2_177/lpcxpresso/tools/bin/../lib/gcc/arm-none-eabi/4.6.2/../../../../arm-none-eabi/lib/armv6-m/libcr_c.a(stdio.o)
 .text.putc     0x0000000000000000       0x1e /Applications/lpcxpresso_6.1.2_177/lpcxpresso/tools/bin/../lib/gcc/arm-none-eabi/4.6.2/../../../../arm-none-eabi/lib/armv6-m/libcr_c.a(stdio.o)
 .text.putchar  0x0000000000000000       0x28 /Applications/lpcxpresso_6.1.2_177/lpcxpresso/tools/bin/../lib/gcc/arm-none-eabi/4.6.2/../../../../arm-none-eabi/lib/armv6-m/libcr_c.a(stdio.o)
 .text.feof     0x0000000000000000        0x8 /Applications/lpcxpresso_6.1.2_177/lpcxpresso/tools/bin/../lib/gcc/arm-none-eabi/4.6.2/../../../../arm-none-eabi/lib/armv6-m/libcr_c.a(stdio.o)
 .text.ferror   0x0000000000000000        0x8 /Applications/lpcxpresso_6.1.2_177/lpcxpresso/tools/bin/../lib/gcc/arm-none-eabi/4.6.2/../../../../arm-none-eabi/lib/armv6-m/libcr_c.a(stdio.o)
 .text.clearerr
                0x0000000000000000       0x10 /Applications/lpcxpresso_6.1.2_177/lpcxpresso/tools/bin/../lib/gcc/arm-none-eabi/4.6.2/../../../../arm-none-eabi/lib/armv6-m/libcr_c.a(stdio.o)
 COMMON         0x0000000000000000      0x140 /Applications/lpcxpresso_6.1.2_177/lpcxpresso/tools/bin/../lib/gcc/arm-none-eabi/4.6.2/../../../../arm-none-eabi/lib/armv6-m/libcr_c.a(stdio.o)
 .text          0x0000000000000000        0x0 /Applications/lpcxpresso_6.1.2_177/lpcxpresso/tools/bin/../lib/gcc/arm-none-eabi/4.6.2/../../../../arm-none-eabi/lib/armv6-m/libcr_c.a(strlen.o)
 .data          0x0000000000000000        0x0 /Applications/lpcxpresso_6.1.2_177/lpcxpresso/tools/bin/../lib/gcc/arm-none-eabi/4.6.2/../../../../arm-none-eabi/lib/armv6-m/libcr_c.a(strlen.o)
 .bss           0x0000000000000000        0x0 /Applications/lpcxpresso_6.1.2_177/lpcxpresso/tools/bin/../lib/gcc/arm-none-eabi/4.6.2/../../../../arm-none-eabi/lib/armv6-m/libcr_c.a(strlen.o)
 .text          0x0000000000000000        0x0 /Applications/lpcxpresso_6.1.2_177/lpcxpresso/tools/bin/../lib/gcc/arm-none-eabi/4.6.2/../../../../arm-none-eabi/lib/armv6-m/libcr_c.a(ungetc.o)
 .data          0x0000000000000000        0x0 /Applications/lpcxpresso_6.1.2_177/lpcxpresso/tools/bin/../lib/gcc/arm-none-eabi/4.6.2/../../../../arm-none-eabi/lib/armv6-m/libcr_c.a(ungetc.o)
 .bss           0x0000000000000000        0x0 /Applications/lpcxpresso_6.1.2_177/lpcxpresso/tools/bin/../lib/gcc/arm-none-eabi/4.6.2/../../../../arm-none-eabi/lib/armv6-m/libcr_c.a(ungetc.o)
 .text          0x0000000000000000        0x0 /Applications/lpcxpresso_6.1.2_177/lpcxpresso/tools/bin/../lib/gcc/arm-none-eabi/4.6.2/../../../../arm-none-eabi/lib/armv6-m/libcr_c.a(__fillbuf.o)
 .data          0x0000000000000000        0x0 /Applications/lpcxpresso_6.1.2_177/lpcxpresso/tools/bin/../lib/gcc/arm-none-eabi/4.6.2/../../../../arm-none-eabi/lib/armv6-m/libcr_c.a(__fillbuf.o)
 .bss           0x0000000000000000        0x0 /Applications/lpcxpresso_6.1.2_177/lpcxpresso/tools/bin/../lib/gcc/arm-none-eabi/4.6.2/../../../../arm-none-eabi/lib/armv6-m/libcr_c.a(__fillbuf.o)
 .text._fillb2  0x0000000000000000       0x1c /Applications/lpcxpresso_6.1.2_177/lpcxpresso/tools/bin/../lib/gcc/arm-none-eabi/4.6.2/../../../../arm-none-eabi/lib/armv6-m/libcr_c.a(__fillbuf.o)
 .text          0x0000000000000000        0x0 /Applications/lpcxpresso_6.1.2_177/lpcxpresso/tools/bin/../lib/gcc/arm-none-eabi/4.6.2/../../../../arm-none-eabi/lib/armv6-m/libcr_c.a(_deferredlazyseek.o)
 .data          0x0000000000000000        0x0 /Applications/lpcxpresso_6.1.2_177/lpcxpresso/tools/bin/../lib/gcc/arm-none-eabi/4.6.2/../../../../arm-none-eabi/lib/armv6-m/libcr_c.a(_deferredlazyseek.o)
 .bss           0x0000000000000000        0x0 /Applications/lpcxpresso_6.1.2_177/lpcxpresso/tools/bin/../lib/gcc/arm-none-eabi/4.6.2/../../../../arm-none-eabi/lib/armv6-m/libcr_c.a(_deferredlazyseek.o)
 .text.__flsbuf
                0x0000000000000000      0x154 /Applications/lpcxpresso_6.1.2_177/lpcxpresso/tools/bin/../lib/gcc/arm-none-eabi/4.6.2/../../../../arm-none-eabi/lib/armv6-m/libcr_c.a(_deferredlazyseek.o)
 .text          0x0000000000000000        0x0 /Applications/lpcxpresso_6.1.2_177/lpcxpresso/tools/bin/../lib/gcc/arm-none-eabi/4.6.2/../../../../arm-none-eabi/lib/armv6-m/libcr_c.a(_fflush.o)
 .data          0x0000000000000000        0x0 /Applications/lpcxpresso_6.1.2_177/lpcxpresso/tools/bin/../lib/gcc/arm-none-eabi/4.6.2/../../../../arm-none-eabi/lib/armv6-m/libcr_c.a(_fflush.o)
 .bss           0x0000000000000000        0x0 /Applications/lpcxpresso_6.1.2_177/lpcxpresso/tools/bin/../lib/gcc/arm-none-eabi/4.6.2/../../../../arm-none-eabi/lib/armv6-m/libcr_c.a(_fflush.o)
 .text          0x0000000000000000        0x0 /Applications/lpcxpresso_6.1.2_177/lpcxpresso/tools/bin/../lib/gcc/arm-none-eabi/4.6.2/../../../../arm-none-eabi/lib/armv6-m/libcr_c.a(_frexpl.o)
 .data          0x0000000000000000        0x0 /Applications/lpcxpresso_6.1.2_177/lpcxpresso/tools/bin/../lib/gcc/arm-none-eabi/4.6.2/../../../../arm-none-eabi/lib/armv6-m/libcr_c.a(_frexpl.o)
 .bss           0x0000000000000000        0x0 /Applications/lpcxpresso_6.1.2_177/lpcxpresso/tools/bin/../lib/gcc/arm-none-eabi/4.6.2/../../../../arm-none-eabi/lib/armv6-m/libcr_c.a(_frexpl.o)
 .text          0x0000000000000000        0x0 /Applications/lpcxpresso_6.1.2_177/lpcxpresso/tools/bin/../lib/gcc/arm-none-eabi/4.6.2/../../../../arm-none-eabi/lib/armv6-m/libcr_c.a(_hugeval.o)
 .data          0x0000000000000000        0x0 /Applications/lpcxpresso_6.1.2_177/lpcxpresso/tools/bin/../lib/gcc/arm-none-eabi/4.6.2/../../../../arm-none-eabi/lib/armv6-m/libcr_c.a(_hugeval.o)
 .bss           0x0000000000000000        0x0 /Applications/lpcxpresso_6.1.2_177/lpcxpresso/tools/bin/../lib/gcc/arm-none-eabi/4.6.2/../../../../arm-none-eabi/lib/armv6-m/libcr_c.a(_hugeval.o)
 .rodata.__huge_val
                0x0000000000000000        0x8 /Applications/lpcxpresso_6.1.2_177/lpcxpresso/tools/bin/../lib/gcc/arm-none-eabi/4.6.2/../../../../arm-none-eabi/lib/armv6-m/libcr_c.a(_hugeval.o)
 .text          0x0000000000000000        0x0 /Applications/lpcxpresso_6.1.2_177/lpcxpresso/tools/bin/../lib/gcc/arm-none-eabi/4.6.2/../../../../arm-none-eabi/lib/armv6-m/libcr_c.a(_ldexpl.o)
 .data          0x0000000000000000        0x0 /Applications/lpcxpresso_6.1.2_177/lpcxpresso/tools/bin/../lib/gcc/arm-none-eabi/4.6.2/../../../../arm-none-eabi/lib/armv6-m/libcr_c.a(_ldexpl.o)
 .bss           0x0000000000000000        0x0 /Applications/lpcxpresso_6.1.2_177/lpcxpresso/tools/bin/../lib/gcc/arm-none-eabi/4.6.2/../../../../arm-none-eabi/lib/armv6-m/libcr_c.a(_ldexpl.o)
 .text          0x0000000000000000        0x0 /Applications/lpcxpresso_6.1.2_177/lpcxpresso/tools/bin/../lib/gcc/arm-none-eabi/4.6.2/../../../../arm-none-eabi/lib/armv6-m/libcr_c.a(_writebuf.o)
 .data          0x0000000000000000        0x0 /Applications/lpcxpresso_6.1.2_177/lpcxpresso/tools/bin/../lib/gcc/arm-none-eabi/4.6.2/../../../../arm-none-eabi/lib/armv6-m/libcr_c.a(_writebuf.o)
 .bss           0x0000000000000000        0x0 /Applications/lpcxpresso_6.1.2_177/lpcxpresso/tools/bin/../lib/gcc/arm-none-eabi/4.6.2/../../../../arm-none-eabi/lib/armv6-m/libcr_c.a(_writebuf.o)
 .text          0x0000000000000000        0x0 /Applications/lpcxpresso_6.1.2_177/lpcxpresso/tools/bin/../lib/gcc/arm-none-eabi/4.6.2/../../../../arm-none-eabi/lib/armv6-m/libcr_c.a(alloc.o)
 .data          0x0000000000000000        0x0 /Applications/lpcxpresso_6.1.2_177/lpcxpresso/tools/bin/../lib/gcc/arm-none-eabi/4.6.2/../../../../arm-none-eabi/lib/armv6-m/libcr_c.a(alloc.o)
 .bss           0x0000000000000000        0x0 /Applications/lpcxpresso_6.1.2_177/lpcxpresso/tools/bin/../lib/gcc/arm-none-eabi/4.6.2/../../../../arm-none-eabi/lib/armv6-m/libcr_c.a(alloc.o)
 .text.free     0x0000000000000000       0x10 /Applications/lpcxpresso_6.1.2_177/lpcxpresso/tools/bin/../lib/gcc/arm-none-eabi/4.6.2/../../../../arm-none-eabi/lib/armv6-m/libcr_c.a(alloc.o)
 .text.calloc   0x0000000000000000       0x52 /Applications/lpcxpresso_6.1.2_177/lpcxpresso/tools/bin/../lib/gcc/arm-none-eabi/4.6.2/../../../../arm-none-eabi/lib/armv6-m/libcr_c.a(alloc.o)
 .text.realloc  0x0000000000000000       0x26 /Applications/lpcxpresso_6.1.2_177/lpcxpresso/tools/bin/../lib/gcc/arm-none-eabi/4.6.2/../../../../arm-none-eabi/lib/armv6-m/libcr_c.a(alloc.o)
 .text          0x0000000000000000        0x0 /Applications/lpcxpresso_6.1.2_177/lpcxpresso/tools/bin/../lib/gcc/arm-none-eabi/4.6.2/../../../../arm-none-eabi/lib/armv6-m/libcr_c.a(ctype.o)
 .data          0x0000000000000000        0x0 /Applications/lpcxpresso_6.1.2_177/lpcxpresso/tools/bin/../lib/gcc/arm-none-eabi/4.6.2/../../../../arm-none-eabi/lib/armv6-m/libcr_c.a(ctype.o)
 .bss           0x0000000000000000        0x0 /Applications/lpcxpresso_6.1.2_177/lpcxpresso/tools/bin/../lib/gcc/arm-none-eabi/4.6.2/../../../../arm-none-eabi/lib/armv6-m/libcr_c.a(ctype.o)
 .text.isalnum  0x0000000000000000       0x14 /Applications/lpcxpresso_6.1.2_177/lpcxpresso/tools/bin/../lib/gcc/arm-none-eabi/4.6.2/../../../../arm-none-eabi/lib/armv6-m/libcr_c.a(ctype.o)
 .text.isalpha  0x0000000000000000       0x14 /Applications/lpcxpresso_6.1.2_177/lpcxpresso/tools/bin/../lib/gcc/arm-none-eabi/4.6.2/../../../../arm-none-eabi/lib/armv6-m/libcr_c.a(ctype.o)
 .text.iscntrl  0x0000000000000000       0x14 /Applications/lpcxpresso_6.1.2_177/lpcxpresso/tools/bin/../lib/gcc/arm-none-eabi/4.6.2/../../../../arm-none-eabi/lib/armv6-m/libcr_c.a(ctype.o)
 .text.isdigit  0x0000000000000000       0x14 /Applications/lpcxpresso_6.1.2_177/lpcxpresso/tools/bin/../lib/gcc/arm-none-eabi/4.6.2/../../../../arm-none-eabi/lib/armv6-m/libcr_c.a(ctype.o)
 .text.isgraph  0x0000000000000000       0x14 /Applications/lpcxpresso_6.1.2_177/lpcxpresso/tools/bin/../lib/gcc/arm-none-eabi/4.6.2/../../../../arm-none-eabi/lib/armv6-m/libcr_c.a(ctype.o)
 .text.islower  0x0000000000000000       0x14 /Applications/lpcxpresso_6.1.2_177/lpcxpresso/tools/bin/../lib/gcc/arm-none-eabi/4.6.2/../../../../arm-none-eabi/lib/armv6-m/libcr_c.a(ctype.o)
 .text.isprint  0x0000000000000000       0x14 /Applications/lpcxpresso_6.1.2_177/lpcxpresso/tools/bin/../lib/gcc/arm-none-eabi/4.6.2/../../../../arm-none-eabi/lib/armv6-m/libcr_c.a(ctype.o)
 .text.ispunct  0x0000000000000000       0x14 /Applications/lpcxpresso_6.1.2_177/lpcxpresso/tools/bin/../lib/gcc/arm-none-eabi/4.6.2/../../../../arm-none-eabi/lib/armv6-m/libcr_c.a(ctype.o)
 .text.isspace  0x0000000000000000       0x14 /Applications/lpcxpresso_6.1.2_177/lpcxpresso/tools/bin/../lib/gcc/arm-none-eabi/4.6.2/../../../../arm-none-eabi/lib/armv6-m/libcr_c.a(ctype.o)
 .text.isupper  0x0000000000000000       0x14 /Applications/lpcxpresso_6.1.2_177/lpcxpresso/tools/bin/../lib/gcc/arm-none-eabi/4.6.2/../../../../arm-none-eabi/lib/armv6-m/libcr_c.a(ctype.o)
 .text.isxdigit
                0x0000000000000000       0x14 /Applications/lpcxpresso_6.1.2_177/lpcxpresso/tools/bin/../lib/gcc/arm-none-eabi/4.6.2/../../../../arm-none-eabi/lib/armv6-m/libcr_c.a(ctype.o)
 .text.tolower  0x0000000000000000       0x18 /Applications/lpcxpresso_6.1.2_177/lpcxpresso/tools/bin/../lib/gcc/arm-none-eabi/4.6.2/../../../../arm-none-eabi/lib/armv6-m/libcr_c.a(ctype.o)
 .text.toupper  0x0000000000000000       0x18 /Applications/lpcxpresso_6.1.2_177/lpcxpresso/tools/bin/../lib/gcc/arm-none-eabi/4.6.2/../../../../arm-none-eabi/lib/armv6-m/libcr_c.a(ctype.o)
 .text          0x0000000000000000        0x0 /Applications/lpcxpresso_6.1.2_177/lpcxpresso/tools/bin/../lib/gcc/arm-none-eabi/4.6.2/../../../../arm-none-eabi/lib/armv6-m/libcr_c.a(errno.o)
 .data          0x0000000000000000        0x0 /Applications/lpcxpresso_6.1.2_177/lpcxpresso/tools/bin/../lib/gcc/arm-none-eabi/4.6.2/../../../../arm-none-eabi/lib/armv6-m/libcr_c.a(errno.o)
 .bss           0x0000000000000000        0x0 /Applications/lpcxpresso_6.1.2_177/lpcxpresso/tools/bin/../lib/gcc/arm-none-eabi/4.6.2/../../../../arm-none-eabi/lib/armv6-m/libcr_c.a(errno.o)
 .text          0x0000000000000000        0x0 /Applications/lpcxpresso_6.1.2_177/lpcxpresso/tools/bin/../lib/gcc/arm-none-eabi/4.6.2/../../../../arm-none-eabi/lib/armv6-m/libcr_c.a(fseek.o)
 .data          0x0000000000000000        0x0 /Applications/lpcxpresso_6.1.2_177/lpcxpresso/tools/bin/../lib/gcc/arm-none-eabi/4.6.2/../../../../arm-none-eabi/lib/armv6-m/libcr_c.a(fseek.o)
 .bss           0x0000000000000000        0x0 /Applications/lpcxpresso_6.1.2_177/lpcxpresso/tools/bin/../lib/gcc/arm-none-eabi/4.6.2/../../../../arm-none-eabi/lib/armv6-m/libcr_c.a(fseek.o)
 .text.fseek    0x0000000000000000       0xf0 /Applications/lpcxpresso_6.1.2_177/lpcxpresso/tools/bin/../lib/gcc/arm-none-eabi/4.6.2/../../../../arm-none-eabi/lib/armv6-m/libcr_c.a(fseek.o)
 .text          0x0000000000000000        0x0 /Applications/lpcxpresso_6.1.2_177/lpcxpresso/tools/bin/../lib/gcc/arm-none-eabi/4.6.2/../../../../arm-none-eabi/lib/armv6-m/libcr_c.a(ftell.o)
 .data          0x0000000000000000        0x0 /Applications/lpcxpresso_6.1.2_177/lpcxpresso/tools/bin/../lib/gcc/arm-none-eabi/4.6.2/../../../../arm-none-eabi/lib/armv6-m/libcr_c.a(ftell.o)
 .bss           0x0000000000000000        0x0 /Applications/lpcxpresso_6.1.2_177/lpcxpresso/tools/bin/../lib/gcc/arm-none-eabi/4.6.2/../../../../arm-none-eabi/lib/armv6-m/libcr_c.a(ftell.o)
 .text.ftell    0x0000000000000000       0x4c /Applications/lpcxpresso_6.1.2_177/lpcxpresso/tools/bin/../lib/gcc/arm-none-eabi/4.6.2/../../../../arm-none-eabi/lib/armv6-m/libcr_c.a(ftell.o)
 .text          0x0000000000000000        0x0 /Applications/lpcxpresso_6.1.2_177/lpcxpresso/tools/bin/../lib/gcc/arm-none-eabi/4.6.2/../../../../arm-none-eabi/lib/armv6-m/libcr_c.a(__init_alloc.o)
 .data          0x0000000000000000        0x0 /Applications/lpcxpresso_6.1.2_177/lpcxpresso/tools/bin/../lib/gcc/arm-none-eabi/4.6.2/../../../../arm-none-eabi/lib/armv6-m/libcr_c.a(__init_alloc.o)
 .bss           0x0000000000000000        0x0 /Applications/lpcxpresso_6.1.2_177/lpcxpresso/tools/bin/../lib/gcc/arm-none-eabi/4.6.2/../../../../arm-none-eabi/lib/armv6-m/libcr_c.a(__init_alloc.o)
 .text._init_alloc
                0x0000000000000000       0x14 /Applications/lpcxpresso_6.1.2_177/lpcxpresso/tools/bin/../lib/gcc/arm-none-eabi/4.6.2/../../../../arm-none-eabi/lib/armv6-m/libcr_c.a(__init_alloc.o)
 .text          0x0000000000000000        0x0 /Applications/lpcxpresso_6.1.2_177/lpcxpresso/tools/bin/../lib/gcc/arm-none-eabi/4.6.2/armv6-m/libcr_eabihelpers.a(division.o)
 .data          0x0000000000000000        0x0 /Applications/lpcxpresso_6.1.2_177/lpcxpresso/tools/bin/../lib/gcc/arm-none-eabi/4.6.2/armv6-m/libcr_eabihelpers.a(division.o)
 .bss           0x0000000000000000        0x0 /Applications/lpcxpresso_6.1.2_177/lpcxpresso/tools/bin/../lib/gcc/arm-none-eabi/4.6.2/armv6-m/libcr_eabihelpers.a(division.o)
 .text.__aeabi_division_uldivmod
                0x0000000000000000       0x5a /Applications/lpcxpresso_6.1.2_177/lpcxpresso/tools/bin/../lib/gcc/arm-none-eabi/4.6.2/armv6-m/libcr_eabihelpers.a(division.o)
 .text.__aeabi_division_ldivmod
                0x0000000000000000       0x32 /Applications/lpcxpresso_6.1.2_177/lpcxpresso/tools/bin/../lib/gcc/arm-none-eabi/4.6.2/armv6-m/libcr_eabihelpers.a(division.o)
 .text.__aeabi_division_ldiv0
                0x0000000000000000        0x2 /Applications/lpcxpresso_6.1.2_177/lpcxpresso/tools/bin/../lib/gcc/arm-none-eabi/4.6.2/armv6-m/libcr_eabihelpers.a(division.o)
 .text.__aeabi_division_idivq31+15
                0x0000000000000000      0x188 /Applications/lpcxpresso_6.1.2_177/lpcxpresso/tools/bin/../lib/gcc/arm-none-eabi/4.6.2/armv6-m/libcr_eabihelpers.a(division.o)
 .text          0x0000000000000000        0x0 /Applications/lpcxpresso_6.1.2_177/lpcxpresso/tools/bin/../lib/gcc/arm-none-eabi/4.6.2/armv6-m/libcr_eabihelpers.a(double.o)
 .data          0x0000000000000000        0x0 /Applications/lpcxpresso_6.1.2_177/lpcxpresso/tools/bin/../lib/gcc/arm-none-eabi/4.6.2/armv6-m/libcr_eabihelpers.a(double.o)
 .bss           0x0000000000000000        0x0 /Applications/lpcxpresso_6.1.2_177/lpcxpresso/tools/bin/../lib/gcc/arm-none-eabi/4.6.2/armv6-m/libcr_eabihelpers.a(double.o)
 .text.__aeabi_drsub
                0x0000000000000000       0x28 /Applications/lpcxpresso_6.1.2_177/lpcxpresso/tools/bin/../lib/gcc/arm-none-eabi/4.6.2/armv6-m/libcr_eabihelpers.a(double.o)
 .text.__aeabi_dneg
                0x0000000000000000       0x10 /Applications/lpcxpresso_6.1.2_177/lpcxpresso/tools/bin/../lib/gcc/arm-none-eabi/4.6.2/armv6-m/libcr_eabihelpers.a(double.o)
 .text.__aeabi_d2iz
                0x0000000000000000       0x4c /Applications/lpcxpresso_6.1.2_177/lpcxpresso/tools/bin/../lib/gcc/arm-none-eabi/4.6.2/armv6-m/libcr_eabihelpers.a(double.o)
 .text.__aeabi_d2uiz
                0x0000000000000000       0x38 /Applications/lpcxpresso_6.1.2_177/lpcxpresso/tools/bin/../lib/gcc/arm-none-eabi/4.6.2/armv6-m/libcr_eabihelpers.a(double.o)
 .text.__aeabi_d2lz
                0x0000000000000000       0x78 /Applications/lpcxpresso_6.1.2_177/lpcxpresso/tools/bin/../lib/gcc/arm-none-eabi/4.6.2/armv6-m/libcr_eabihelpers.a(double.o)
 .text.__aeabi_d2ulz
                0x0000000000000000       0x58 /Applications/lpcxpresso_6.1.2_177/lpcxpresso/tools/bin/../lib/gcc/arm-none-eabi/4.6.2/armv6-m/libcr_eabihelpers.a(double.o)
 .text.__bhs_ul2d
                0x0000000000000000       0xb4 /Applications/lpcxpresso_6.1.2_177/lpcxpresso/tools/bin/../lib/gcc/arm-none-eabi/4.6.2/armv6-m/libcr_eabihelpers.a(double.o)
 .text.__aeabi_ui2d
                0x0000000000000000        0xc /Applications/lpcxpresso_6.1.2_177/lpcxpresso/tools/bin/../lib/gcc/arm-none-eabi/4.6.2/armv6-m/libcr_eabihelpers.a(double.o)
 .text.__aeabi_l2d
                0x0000000000000000       0x20 /Applications/lpcxpresso_6.1.2_177/lpcxpresso/tools/bin/../lib/gcc/arm-none-eabi/4.6.2/armv6-m/libcr_eabihelpers.a(double.o)
 .text.__aeabi_ul2d
                0x0000000000000000        0xc /Applications/lpcxpresso_6.1.2_177/lpcxpresso/tools/bin/../lib/gcc/arm-none-eabi/4.6.2/armv6-m/libcr_eabihelpers.a(double.o)
 .text.__aeabi_dcmplt
                0x0000000000000000       0x64 /Applications/lpcxpresso_6.1.2_177/lpcxpresso/tools/bin/../lib/gcc/arm-none-eabi/4.6.2/armv6-m/libcr_eabihelpers.a(double.o)
 .text.__aeabi_dcmpgt
                0x0000000000000000       0x64 /Applications/lpcxpresso_6.1.2_177/lpcxpresso/tools/bin/../lib/gcc/arm-none-eabi/4.6.2/armv6-m/libcr_eabihelpers.a(double.o)
 .text.__aeabi_dcmple
                0x0000000000000000       0x64 /Applications/lpcxpresso_6.1.2_177/lpcxpresso/tools/bin/../lib/gcc/arm-none-eabi/4.6.2/armv6-m/libcr_eabihelpers.a(double.o)
 .text.__aeabi_dcmpun
                0x0000000000000000       0x1c /Applications/lpcxpresso_6.1.2_177/lpcxpresso/tools/bin/../lib/gcc/arm-none-eabi/4.6.2/armv6-m/libcr_eabihelpers.a(double.o)
 .text.__aeabi_cdcmple
                0x0000000000000000       0x2e /Applications/lpcxpresso_6.1.2_177/lpcxpresso/tools/bin/../lib/gcc/arm-none-eabi/4.6.2/armv6-m/libcr_eabihelpers.a(double.o)
 .text.__aeabi_cdrcmple
                0x0000000000000000       0x14 /Applications/lpcxpresso_6.1.2_177/lpcxpresso/tools/bin/../lib/gcc/arm-none-eabi/4.6.2/armv6-m/libcr_eabihelpers.a(double.o)
 .text          0x0000000000000000        0x0 /Applications/lpcxpresso_6.1.2_177/lpcxpresso/tools/bin/../lib/gcc/arm-none-eabi/4.6.2/armv6-m/libcr_eabihelpers.a(llong.o)
 .data          0x0000000000000000        0x0 /Applications/lpcxpresso_6.1.2_177/lpcxpresso/tools/bin/../lib/gcc/arm-none-eabi/4.6.2/armv6-m/libcr_eabihelpers.a(llong.o)
 .bss           0x0000000000000000        0x0 /Applications/lpcxpresso_6.1.2_177/lpcxpresso/tools/bin/../lib/gcc/arm-none-eabi/4.6.2/armv6-m/libcr_eabihelpers.a(llong.o)
 .text.__aeabi_llong_llsl
                0x0000000000000000       0x18 /Applications/lpcxpresso_6.1.2_177/lpcxpresso/tools/bin/../lib/gcc/arm-none-eabi/4.6.2/armv6-m/libcr_eabihelpers.a(llong.o)
 .text.__aeabi_llong_llsr
                0x0000000000000000       0x18 /Applications/lpcxpresso_6.1.2_177/lpcxpresso/tools/bin/../lib/gcc/arm-none-eabi/4.6.2/armv6-m/libcr_eabihelpers.a(llong.o)
 .text.__aeabi_llong_lasr
                0x0000000000000000       0x18 /Applications/lpcxpresso_6.1.2_177/lpcxpresso/tools/bin/../lib/gcc/arm-none-eabi/4.6.2/armv6-m/libcr_eabihelpers.a(llong.o)
 .text.__aeabi_llong_lcmp
                0x0000000000000000       0x14 /Applications/lpcxpresso_6.1.2_177/lpcxpresso/tools/bin/../lib/gcc/arm-none-eabi/4.6.2/armv6-m/libcr_eabihelpers.a(llong.o)
 .text.__aeabi_llong_ulcmp
                0x0000000000000000       0x10 /Applications/lpcxpresso_6.1.2_177/lpcxpresso/tools/bin/../lib/gcc/arm-none-eabi/4.6.2/armv6-m/libcr_eabihelpers.a(llong.o)
 .text          0x0000000000000000        0x0 /Applications/lpcxpresso_6.1.2_177/lpcxpresso/tools/bin/../lib/gcc/arm-none-eabi/4.6.2/armv6-m/libcr_eabihelpers.a(memcpy.o)
 .data          0x0000000000000000        0x0 /Applications/lpcxpresso_6.1.2_177/lpcxpresso/tools/bin/../lib/gcc/arm-none-eabi/4.6.2/armv6-m/libcr_eabihelpers.a(memcpy.o)
 .bss           0x0000000000000000        0x0 /Applications/lpcxpresso_6.1.2_177/lpcxpresso/tools/bin/../lib/gcc/arm-none-eabi/4.6.2/armv6-m/libcr_eabihelpers.a(memcpy.o)
 .text.__aeabi_memmove
                0x0000000000000000       0x1c /Applications/lpcxpresso_6.1.2_177/lpcxpresso/tools/bin/../lib/gcc/arm-none-eabi/4.6.2/armv6-m/libcr_eabihelpers.a(memcpy.o)
 .text.__aeabi_memclr
                0x0000000000000000        0x6 /Applications/lpcxpresso_6.1.2_177/lpcxpresso/tools/bin/../lib/gcc/arm-none-eabi/4.6.2/armv6-m/libcr_eabihelpers.a(memcpy.o)
 .text.__aeabi_memset
                0x0000000000000000        0x8 /Applications/lpcxpresso_6.1.2_177/lpcxpresso/tools/bin/../lib/gcc/arm-none-eabi/4.6.2/armv6-m/libcr_eabihelpers.a(memcpy.o)
 .text          0x0000000000000000        0x0 /Applications/lpcxpresso_6.1.2_177/lpcxpresso/tools/bin/../lib/gcc/arm-none-eabi/4.6.2/armv6-m/libcr_eabihelpers.a(thumb1_switch_helpers.o)
 .data          0x0000000000000000        0x0 /Applications/lpcxpresso_6.1.2_177/lpcxpresso/tools/bin/../lib/gcc/arm-none-eabi/4.6.2/armv6-m/libcr_eabihelpers.a(thumb1_switch_helpers.o)
 .bss           0x0000000000000000        0x0 /Applications/lpcxpresso_6.1.2_177/lpcxpresso/tools/bin/../lib/gcc/arm-none-eabi/4.6.2/armv6-m/libcr_eabihelpers.a(thumb1_switch_helpers.o)
 .text.__gnu_thumb1_case_sqi
                0x0000000000000000       0x10 /Applications/lpcxpresso_6.1.2_177/lpcxpresso/tools/bin/../lib/gcc/arm-none-eabi/4.6.2/armv6-m/libcr_eabihelpers.a(thumb1_switch_helpers.o)
 .text.__gnu_thumb1_case_shi
                0x0000000000000000       0x10 /Applications/lpcxpresso_6.1.2_177/lpcxpresso/tools/bin/../lib/gcc/arm-none-eabi/4.6.2/armv6-m/libcr_eabihelpers.a(thumb1_switch_helpers.o)
 .text.__gnu_thumb1_case_uhi
                0x0000000000000000       0x10 /Applications/lpcxpresso_6.1.2_177/lpcxpresso/tools/bin/../lib/gcc/arm-none-eabi/4.6.2/armv6-m/libcr_eabihelpers.a(thumb1_switch_helpers.o)
 .text.__gnu_thumb1_case_si
                0x0000000000000000       0x18 /Applications/lpcxpresso_6.1.2_177/lpcxpresso/tools/bin/../lib/gcc/arm-none-eabi/4.6.2/armv6-m/libcr_eabihelpers.a(thumb1_switch_helpers.o)

Memory Configuration

Name             Origin             Length             Attributes
MFlash32         0x0000000000000000 0x0000000000008000 xr
RamLoc6          0x0000000010000000 0x0000000000001800 xrw
RamUsb2          0x0000000020004000 0x0000000000000800 xrw
*default*        0x0000000000000000 0xffffffffffffffff

Linker script and memory map

LOAD ./src/7x5fonts.o
LOAD ./src/cdc_desc.o
LOAD ./src/console.o
LOAD ./src/cr_startup_lpc11u.o
LOAD ./src/fifo.o
LOAD ./src/gpio.o
LOAD ./src/iohandler.o
LOAD ./src/lcd_control.o
LOAD ./src/main.o
LOAD ./src/systick.o
LOAD /Users/yishii/Dropbox/lpcXpresso/CMSISv2p00_LPC11Uxx/Release/libCMSISv2p00_LPC11Uxx.a
START GROUP
LOAD /Applications/lpcxpresso_6.1.2_177/lpcxpresso/tools/bin/../lib/gcc/arm-none-eabi/4.6.2/../../../../arm-none-eabi/lib/armv6-m/libcr_c.a
LOAD /Applications/lpcxpresso_6.1.2_177/lpcxpresso/tools/bin/../lib/gcc/arm-none-eabi/4.6.2/armv6-m/libcr_eabihelpers.a
END GROUP
                0x0000000000008000                __top_MFlash32 = 0x8000
                0x0000000010001800                __top_RamLoc6 = 0x10001800
                0x0000000020004800                __top_RamUsb2 = 0x20004800

.text           0x0000000000000000     0x3070
 FILL mask 0xff
                0x0000000000000000                __vectors_start__ = ABSOLUTE (.)
 *(.isr_vector)
 .isr_vector    0x0000000000000000       0xc0 ./src/cr_startup_lpc11u.o
                0x0000000000000000                g_pfnVectors
                0x00000000000000c0                . = ALIGN (0x4)
                0x00000000000000c0                __section_table_start = .
                0x00000000000000c0                __data_section_table = .
                0x00000000000000c0        0x4 LONG 0x3070 LOADADDR (.data)
                0x00000000000000c4        0x4 LONG 0x10000000 ADDR (.data)
                0x00000000000000c8        0x4 LONG 0xc SIZEOF (.data)
                0x00000000000000cc        0x4 LONG 0x3070 LOADADDR (.data_RAM2)
                0x00000000000000d0        0x4 LONG 0x20004000 ADDR (.data_RAM2)
                0x00000000000000d4        0x4 LONG 0x0 SIZEOF (.data_RAM2)
                0x00000000000000d8                __data_section_table_end = .
                0x00000000000000d8                __bss_section_table = .
                0x00000000000000d8        0x4 LONG 0x1000000c ADDR (.bss)
                0x00000000000000dc        0x4 LONG 0x1f0 SIZEOF (.bss)
                0x00000000000000e0        0x4 LONG 0x20004000 ADDR (.bss_RAM2)
                0x00000000000000e4        0x4 LONG 0x0 SIZEOF (.bss_RAM2)
                0x00000000000000e8                __bss_section_table_end = .
                0x00000000000000e8                __section_table_end = .
 *(.after_vectors*)
 .after_vectors
                0x00000000000000e8       0x80 ./src/cr_startup_lpc11u.o
                0x00000000000000e8                NMI_Handler
                0x00000000000000ec                HardFault_Handler
                0x00000000000000f0                SVC_Handler
                0x00000000000000f4                PendSV_Handler
                0x00000000000000fc                data_init
                0x000000000000010e                bss_init
                0x0000000000000120                ResetISR
                0x0000000000000164                USB_FIQHandler
                0x0000000000000164                ADC_IRQHandler
                0x0000000000000164                SSP1_IRQHandler
                0x0000000000000164                BOD_IRQHandler
                0x0000000000000164                I2C_IRQHandler
                0x0000000000000164                WDT_IRQHandler
                0x0000000000000164                TIMER16_0_IRQHandler
                0x0000000000000164                FMC_IRQHandler
                0x0000000000000164                TIMER32_0_IRQHandler
                0x0000000000000164                TIMER32_1_IRQHandler
                0x0000000000000164                IntDefaultHandler
                0x0000000000000164                SSP0_IRQHandler
                0x0000000000000164                USBWakeup_IRQHandler
                0x0000000000000164                TIMER16_1_IRQHandler
 *(.text*)
 .text.console_update
                0x0000000000000168       0x24 ./src/console.o
 .text.CONSOLE_LocateCursor
                0x000000000000018c       0x20 ./src/console.o
                0x000000000000018c                CONSOLE_LocateCursor
 .text.CONSOLE_ClearAll
                0x00000000000001ac       0x30 ./src/console.o
                0x00000000000001ac                CONSOLE_ClearAll
 .text.CONSOLE_Init
                0x00000000000001dc        0xc ./src/console.o
                0x00000000000001dc                CONSOLE_Init
 .text.console_ScrollUp
                0x00000000000001e8       0x2c ./src/console.o
                0x00000000000001e8                console_ScrollUp
 .text.console_LF
                0x0000000000000214       0x20 ./src/console.o
 .text.CONSOLE_Output
                0x0000000000000234      0x17c ./src/console.o
                0x0000000000000234                CONSOLE_Output
 .text.FIFO_Init
                0x00000000000003b0       0x30 ./src/fifo.o
                0x00000000000003b0                FIFO_Init
 .text.FIFO_GetSize
                0x00000000000003e0        0xc ./src/fifo.o
                0x00000000000003e0                FIFO_GetSize
 .text.FIFO_Push
                0x00000000000003ec       0x3c ./src/fifo.o
                0x00000000000003ec                FIFO_Push
 .text.FIFO_Pop
                0x0000000000000428       0x3c ./src/fifo.o
                0x0000000000000428                FIFO_Pop
 .text.FLEX_INT0_IRQHandler
                0x0000000000000464       0x70 ./src/gpio.o
                0x0000000000000464                FLEX_INT0_IRQHandler
 .text.FLEX_INT1_IRQHandler
                0x00000000000004d4       0x70 ./src/gpio.o
                0x00000000000004d4                FLEX_INT1_IRQHandler
 .text.FLEX_INT2_IRQHandler
                0x0000000000000544       0x70 ./src/gpio.o
                0x0000000000000544                FLEX_INT2_IRQHandler
 .text.FLEX_INT3_IRQHandler
                0x00000000000005b4       0x70 ./src/gpio.o
                0x00000000000005b4                FLEX_INT3_IRQHandler
 .text.FLEX_INT4_IRQHandler
                0x0000000000000624       0x70 ./src/gpio.o
                0x0000000000000624                FLEX_INT4_IRQHandler
 .text.FLEX_INT5_IRQHandler
                0x0000000000000694       0x70 ./src/gpio.o
                0x0000000000000694                FLEX_INT5_IRQHandler
 .text.FLEX_INT6_IRQHandler
                0x0000000000000704       0x70 ./src/gpio.o
                0x0000000000000704                FLEX_INT6_IRQHandler
 .text.FLEX_INT7_IRQHandler
                0x0000000000000774       0x70 ./src/gpio.o
                0x0000000000000774                FLEX_INT7_IRQHandler
 .text.GINT0_IRQHandler
                0x00000000000007e4       0x40 ./src/gpio.o
                0x00000000000007e4                GINT0_IRQHandler
 .text.GINT1_IRQHandler
                0x0000000000000824       0x40 ./src/gpio.o
                0x0000000000000824                GINT1_IRQHandler
 .text.GPIOInit
                0x0000000000000864       0x1c ./src/gpio.o
                0x0000000000000864                GPIOInit
 .text.GPIOSetBitValue
                0x0000000000000880       0x20 ./src/gpio.o
                0x0000000000000880                GPIOSetBitValue
 .text.GPIOSetDir
                0x00000000000008a0       0x2c ./src/gpio.o
                0x00000000000008a0                GPIOSetDir
 .text.__sys_seek
                0x00000000000008cc        0x4 ./src/iohandler.o
                0x00000000000008cc                __sys_seek
 .text.__sys_flen
                0x00000000000008d0        0x4 ./src/iohandler.o
                0x00000000000008d0                __sys_flen
 .text.__sys_write
                0x00000000000008d4        0x4 ./src/iohandler.o
                0x00000000000008d4                __sys_write
 .text.__sys_appexit
                0x00000000000008d8        0x2 ./src/iohandler.o
                0x00000000000008d8                __sys_appexit
 .text._sbrk    0x00000000000008da        0x4 ./src/iohandler.o
                0x00000000000008da                _sbrk
 .text.__sys_readc
                0x00000000000008de        0x4 ./src/iohandler.o
                0x00000000000008de                __sys_readc
 .text.__sys_read
                0x00000000000008e2        0x4 ./src/iohandler.o
                0x00000000000008e2                __sys_read
 .text.lcd_setce
                0x00000000000008e6        0xe ./src/lcd_control.o
                0x00000000000008e6                lcd_setce
 .text.lcd_sendData
                0x00000000000008f4       0x48 ./src/lcd_control.o
 .text.lcd_setStartAddress
                0x000000000000093c       0x20 ./src/lcd_control.o
 .text.outputOnLcd
                0x000000000000095c       0x5c ./src/lcd_control.o
 .text.LCD_SetLocate
                0x00000000000009b8       0x1c ./src/lcd_control.o
                0x00000000000009b8                LCD_SetLocate
 .text.LCD_OutputStringBySize
                0x00000000000009d4       0x18 ./src/lcd_control.o
                0x00000000000009d4                LCD_OutputStringBySize
 .text.LCD_Clear
                0x00000000000009ec       0x40 ./src/lcd_control.o
                0x00000000000009ec                LCD_Clear
 .text.LCD_Init
                0x0000000000000a2c       0xfc ./src/lcd_control.o
                0x0000000000000a2c                LCD_Init
 .text.VCOM_usb_send
                0x0000000000000b28       0x24 ./src/main.o
                0x0000000000000b28                VCOM_usb_send
 .text.VCOM_sof_event
                0x0000000000000b4c       0x50 ./src/main.o
                0x0000000000000b4c                VCOM_sof_event
 .text.VCOM_SendBreak
                0x0000000000000b9c       0x28 ./src/main.o
                0x0000000000000b9c                VCOM_SendBreak
 .text.VCOM_bulk_in_hdlr
                0x0000000000000bc4        0x4 ./src/main.o
                0x0000000000000bc4                VCOM_bulk_in_hdlr
 .text.VCOM_bulk_out_hdlr
                0x0000000000000bc8       0x34 ./src/main.o
                0x0000000000000bc8                VCOM_bulk_out_hdlr
 .text.uart_write
                0x0000000000000bfc       0x5c ./src/main.o
 .text.VCOM_uart_send
                0x0000000000000c58        0x8 ./src/main.o
                0x0000000000000c58                VCOM_uart_send
 .text.uart_read.constprop.2
                0x0000000000000c60       0x44 ./src/main.o
 .text.USB_pin_clk_init
                0x0000000000000ca4       0x40 ./src/main.o
                0x0000000000000ca4                USB_pin_clk_init
 .text.init_uart1_bridge
                0x0000000000000ce4       0xdc ./src/main.o
                0x0000000000000ce4                init_uart1_bridge
 .text.VCOM_SetLineCode
                0x0000000000000dc0       0x18 ./src/main.o
                0x0000000000000dc0                VCOM_SetLineCode
 .text.UART_IRQHandler
                0x0000000000000dd8       0x70 ./src/main.o
                0x0000000000000dd8                UART_IRQHandler
 .text.USB_IRQHandler
                0x0000000000000e48       0x1c ./src/main.o
                0x0000000000000e48                USB_IRQHandler
 .text.startup.main
                0x0000000000000e64      0x234 ./src/main.o
                0x0000000000000e64                main
 .text.SysTick_Handler
                0x0000000000001098       0x10 ./src/systick.o
                0x0000000000001098                SysTick_Handler
 .text.delaySysTick
                0x00000000000010a8       0x34 ./src/systick.o
                0x00000000000010a8                delaySysTick
 .text.wait_ms  0x00000000000010dc        0x8 ./src/systick.o
                0x00000000000010dc                wait_ms
 .text.SystemCoreClockUpdate
                0x00000000000010e4       0x9c /Users/yishii/Dropbox/lpcXpresso/CMSISv2p00_LPC11Uxx/Release/libCMSISv2p00_LPC11Uxx.a(system_LPC11Uxx.o)
                0x00000000000010e4                SystemCoreClockUpdate
 .text.SystemInit
                0x0000000000001180       0xd4 /Users/yishii/Dropbox/lpcXpresso/CMSISv2p00_LPC11Uxx/Release/libCMSISv2p00_LPC11Uxx.a(system_LPC11Uxx.o)
                0x0000000000001180                SystemInit
 .text.memcpy   0x0000000000001254        0x8 /Applications/lpcxpresso_6.1.2_177/lpcxpresso/tools/bin/../lib/gcc/arm-none-eabi/4.6.2/../../../../arm-none-eabi/lib/armv6-m/libcr_c.a(memcpy.o)
                0x0000000000001254                memcpy
 .text.memset   0x000000000000125c        0x8 /Applications/lpcxpresso_6.1.2_177/lpcxpresso/tools/bin/../lib/gcc/arm-none-eabi/4.6.2/../../../../arm-none-eabi/lib/armv6-m/libcr_c.a(memset.o)
                0x000000000000125c                memset
 .text.__weak_main
                0x0000000000001264        0x8 /Applications/lpcxpresso_6.1.2_177/lpcxpresso/tools/bin/../lib/gcc/arm-none-eabi/4.6.2/../../../../arm-none-eabi/lib/armv6-m/libcr_c.a(__weak__main.o)
                0x0000000000001264                __main
                0x0000000000001264                __weak_main
 .text.ch_val   0x000000000000126c       0x34 /Applications/lpcxpresso_6.1.2_177/lpcxpresso/tools/bin/../lib/gcc/arm-none-eabi/4.6.2/../../../../arm-none-eabi/lib/armv6-m/libcr_c.a(scanf.o)
 .text.cr_rd_int
                0x00000000000012a0      0x1d8 /Applications/lpcxpresso_6.1.2_177/lpcxpresso/tools/bin/../lib/gcc/arm-none-eabi/4.6.2/../../../../arm-none-eabi/lib/armv6-m/libcr_c.a(scanf.o)
 .text.vfscanf  0x0000000000001478      0x9b0 /Applications/lpcxpresso_6.1.2_177/lpcxpresso/tools/bin/../lib/gcc/arm-none-eabi/4.6.2/../../../../arm-none-eabi/lib/armv6-m/libcr_c.a(scanf.o)
                0x0000000000001478                vfscanf
 .text.sscanf   0x0000000000001e28       0x4a /Applications/lpcxpresso_6.1.2_177/lpcxpresso/tools/bin/../lib/gcc/arm-none-eabi/4.6.2/../../../../arm-none-eabi/lib/armv6-m/libcr_c.a(scanf.o)
                0x0000000000001e28                sscanf
 *fill*         0x0000000000001e72        0x2 00
 .text.strlen   0x0000000000001e74       0x58 /Applications/lpcxpresso_6.1.2_177/lpcxpresso/tools/bin/../lib/gcc/arm-none-eabi/4.6.2/../../../../arm-none-eabi/lib/armv6-m/libcr_c.a(strlen.o)
                0x0000000000001e74                strlen
 .text.ungetc   0x0000000000001ecc       0x3c /Applications/lpcxpresso_6.1.2_177/lpcxpresso/tools/bin/../lib/gcc/arm-none-eabi/4.6.2/../../../../arm-none-eabi/lib/armv6-m/libcr_c.a(ungetc.o)
                0x0000000000001ecc                ungetc
 .text._Csys_read_
                0x0000000000001f08       0x22 /Applications/lpcxpresso_6.1.2_177/lpcxpresso/tools/bin/../lib/gcc/arm-none-eabi/4.6.2/../../../../arm-none-eabi/lib/armv6-m/libcr_c.a(__fillbuf.o)
                0x0000000000001f08                _Csys_read_
 *fill*         0x0000000000001f2a        0x2 00
 .text.__filbuf
                0x0000000000001f2c      0x184 /Applications/lpcxpresso_6.1.2_177/lpcxpresso/tools/bin/../lib/gcc/arm-none-eabi/4.6.2/../../../../arm-none-eabi/lib/armv6-m/libcr_c.a(__fillbuf.o)
                0x0000000000001f2c                __filbuf
 .text._deferredlazyseek
                0x00000000000020b0       0x44 /Applications/lpcxpresso_6.1.2_177/lpcxpresso/tools/bin/../lib/gcc/arm-none-eabi/4.6.2/../../../../arm-none-eabi/lib/armv6-m/libcr_c.a(_deferredlazyseek.o)
                0x00000000000020b0                _deferredlazyseek
 .text._fflush  0x00000000000020f4       0x60 /Applications/lpcxpresso_6.1.2_177/lpcxpresso/tools/bin/../lib/gcc/arm-none-eabi/4.6.2/../../../../arm-none-eabi/lib/armv6-m/libcr_c.a(_fflush.o)
                0x00000000000020f4                _fflush
 *fill*         0x0000000000002154        0x4 00
 .text._frexpl  0x0000000000002158       0x88 /Applications/lpcxpresso_6.1.2_177/lpcxpresso/tools/bin/../lib/gcc/arm-none-eabi/4.6.2/../../../../arm-none-eabi/lib/armv6-m/libcr_c.a(_frexpl.o)
                0x0000000000002158                _frexpl
 .text._ldexpl  0x00000000000021e0       0x68 /Applications/lpcxpresso_6.1.2_177/lpcxpresso/tools/bin/../lib/gcc/arm-none-eabi/4.6.2/../../../../arm-none-eabi/lib/armv6-m/libcr_c.a(_ldexpl.o)
                0x00000000000021e0                _ldexpl
 .text._Cwritebuf
                0x0000000000002248       0x6c /Applications/lpcxpresso_6.1.2_177/lpcxpresso/tools/bin/../lib/gcc/arm-none-eabi/4.6.2/../../../../arm-none-eabi/lib/armv6-m/libcr_c.a(_writebuf.o)
                0x0000000000002248                _Cwritebuf
 .text.malloc   0x00000000000022b4       0xbc /Applications/lpcxpresso_6.1.2_177/lpcxpresso/tools/bin/../lib/gcc/arm-none-eabi/4.6.2/../../../../arm-none-eabi/lib/armv6-m/libcr_c.a(alloc.o)
                0x00000000000022b4                malloc
 .text._Csys_alloc
                0x0000000000002370       0x20 /Applications/lpcxpresso_6.1.2_177/lpcxpresso/tools/bin/../lib/gcc/arm-none-eabi/4.6.2/../../../../arm-none-eabi/lib/armv6-m/libcr_c.a(alloc.o)
                0x0000000000002370                _Csys_alloc
 .text.__aeabi_division_idivmod
                0x0000000000002390        0x6 /Applications/lpcxpresso_6.1.2_177/lpcxpresso/tools/bin/../lib/gcc/arm-none-eabi/4.6.2/armv6-m/libcr_eabihelpers.a(division.o)
                0x0000000000002390                __aeabi_idiv
                0x0000000000002390                __aeabi_idivmod
 .text.__aeabi_division_uidivmod
                0x0000000000002396       0x72 /Applications/lpcxpresso_6.1.2_177/lpcxpresso/tools/bin/../lib/gcc/arm-none-eabi/4.6.2/armv6-m/libcr_eabihelpers.a(division.o)
                0x0000000000002396                __aeabi_uidiv
                0x0000000000002396                __aeabi_uidivmod
 .text.__aeabi_division_idiv0
                0x0000000000002408        0x2 /Applications/lpcxpresso_6.1.2_177/lpcxpresso/tools/bin/../lib/gcc/arm-none-eabi/4.6.2/armv6-m/libcr_eabihelpers.a(division.o)
                0x0000000000002408                __aeabi_idiv0
 *fill*         0x000000000000240a        0x6 00
 .text.__aeabi_dmul
                0x0000000000002410      0x180 /Applications/lpcxpresso_6.1.2_177/lpcxpresso/tools/bin/../lib/gcc/arm-none-eabi/4.6.2/armv6-m/libcr_eabihelpers.a(double.o)
                0x0000000000002410                __aeabi_dmul
 .text.__aeabi_ddiv
                0x0000000000002590      0x178 /Applications/lpcxpresso_6.1.2_177/lpcxpresso/tools/bin/../lib/gcc/arm-none-eabi/4.6.2/armv6-m/libcr_eabihelpers.a(double.o)
                0x0000000000002590                __aeabi_ddiv
 .text.__aeabi_dsub
                0x0000000000002708      0x1d8 /Applications/lpcxpresso_6.1.2_177/lpcxpresso/tools/bin/../lib/gcc/arm-none-eabi/4.6.2/armv6-m/libcr_eabihelpers.a(double.o)
                0x0000000000002708                __aeabi_dsub
 .text.__aeabi_dadd
                0x00000000000028e0      0x140 /Applications/lpcxpresso_6.1.2_177/lpcxpresso/tools/bin/../lib/gcc/arm-none-eabi/4.6.2/armv6-m/libcr_eabihelpers.a(double.o)
                0x00000000000028e0                __aeabi_dadd
 .text.__aeabi_d2f
                0x0000000000002a20       0x5c /Applications/lpcxpresso_6.1.2_177/lpcxpresso/tools/bin/../lib/gcc/arm-none-eabi/4.6.2/armv6-m/libcr_eabihelpers.a(double.o)
                0x0000000000002a20                __aeabi_d2f
 .text.__bhs_ui2d
                0x0000000000002a7c       0x5e /Applications/lpcxpresso_6.1.2_177/lpcxpresso/tools/bin/../lib/gcc/arm-none-eabi/4.6.2/armv6-m/libcr_eabihelpers.a(double.o)
                0x0000000000002a7c                __bhs_ui2d
 .text.__aeabi_i2d
                0x0000000000002ada       0x16 /Applications/lpcxpresso_6.1.2_177/lpcxpresso/tools/bin/../lib/gcc/arm-none-eabi/4.6.2/armv6-m/libcr_eabihelpers.a(double.o)
                0x0000000000002ada                __aeabi_i2d
 .text.__aeabi_dcmpeq
                0x0000000000002af0       0x40 /Applications/lpcxpresso_6.1.2_177/lpcxpresso/tools/bin/../lib/gcc/arm-none-eabi/4.6.2/armv6-m/libcr_eabihelpers.a(double.o)
                0x0000000000002af0                __aeabi_dcmpeq
 .text.__aeabi_dcmpge
                0x0000000000002b30       0x64 /Applications/lpcxpresso_6.1.2_177/lpcxpresso/tools/bin/../lib/gcc/arm-none-eabi/4.6.2/armv6-m/libcr_eabihelpers.a(double.o)
                0x0000000000002b30                __aeabi_dcmpge
 .text.__aeabi_llong_lmul
                0x0000000000002b94       0x2e /Applications/lpcxpresso_6.1.2_177/lpcxpresso/tools/bin/../lib/gcc/arm-none-eabi/4.6.2/armv6-m/libcr_eabihelpers.a(llong.o)
                0x0000000000002b94                __aeabi_lmul
 .text.__aeabi_memcpy
                0x0000000000002bc2       0x2c /Applications/lpcxpresso_6.1.2_177/lpcxpresso/tools/bin/../lib/gcc/arm-none-eabi/4.6.2/armv6-m/libcr_eabihelpers.a(memcpy.o)
                0x0000000000002bc2                __aeabi_memcpy
                0x0000000000002bc2                __aeabi_memcpy4
                0x0000000000002bc2                __aeabi_memcpy8
 .text.__aeabi_memset_lowlevel
                0x0000000000002bee       0x2a /Applications/lpcxpresso_6.1.2_177/lpcxpresso/tools/bin/../lib/gcc/arm-none-eabi/4.6.2/armv6-m/libcr_eabihelpers.a(memcpy.o)
                0x0000000000002bee                __aeabi_lowlevel_memset
 .text.__gnu_thumb1_case_uqi
                0x0000000000002c18       0x10 /Applications/lpcxpresso_6.1.2_177/lpcxpresso/tools/bin/../lib/gcc/arm-none-eabi/4.6.2/armv6-m/libcr_eabihelpers.a(thumb1_switch_helpers.o)
                0x0000000000002c18                __gnu_thumb1_case_uqi
 *(.rodata .rodata.* .constdata .constdata.*)
 .rodata.font_5x7
                0x0000000000002c28      0x1e0 ./src/7x5fonts.o
                0x0000000000002c28                font_5x7
 .rodata.VCOM_ConfigDescriptor
                0x0000000000002e08       0x44 ./src/cdc_desc.o
                0x0000000000002e08                VCOM_ConfigDescriptor
 .rodata.VCOM_StringDescriptor
                0x0000000000002e4c       0x28 ./src/cdc_desc.o
                0x0000000000002e4c                VCOM_StringDescriptor
 .rodata.VCOM_DeviceDescriptor
                0x0000000000002e74       0x14 ./src/cdc_desc.o
                0x0000000000002e74                VCOM_DeviceDescriptor
 .rodata.str1.1
                0x0000000000002e88        0x6 ./src/console.o
                                          0x9 (size before relaxing)
 *fill*         0x0000000000002e8e        0x2 00
 .rodata.CSWTCH.8
                0x0000000000002e90       0x3c /Users/yishii/Dropbox/lpcXpresso/CMSISv2p00_LPC11Uxx/Release/libCMSISv2p00_LPC11Uxx.a(system_LPC11Uxx.o)
 *fill*         0x0000000000002ecc        0x4 00
 .rodata.__huge_vall
                0x0000000000002ed0        0x8 /Applications/lpcxpresso_6.1.2_177/lpcxpresso/tools/bin/../lib/gcc/arm-none-eabi/4.6.2/../../../../arm-none-eabi/lib/armv6-m/libcr_c.a(_hugeval.o)
                0x0000000000002ed0                __huge_vall
 .rodata.str1.1
                0x0000000000002ed8       0x18 /Applications/lpcxpresso_6.1.2_177/lpcxpresso/tools/bin/../lib/gcc/arm-none-eabi/4.6.2/../../../../arm-none-eabi/lib/armv6-m/libcr_c.a(alloc.o)
 .rodata.__ctype
                0x0000000000002ef0      0x180 /Applications/lpcxpresso_6.1.2_177/lpcxpresso/tools/bin/../lib/gcc/arm-none-eabi/4.6.2/../../../../arm-none-eabi/lib/armv6-m/libcr_c.a(ctype.o)
                0x0000000000002ef0                __ctype
                0x0000000000003070                . = ALIGN (0x4)

.glue_7         0x0000000000003070        0x0
 .glue_7        0x0000000000000000        0x0 linker stubs

.glue_7t        0x0000000000003070        0x0
 .glue_7t       0x0000000000000000        0x0 linker stubs

.vfp11_veneer   0x0000000000003070        0x0
 .vfp11_veneer  0x0000000000000000        0x0 linker stubs

.v4_bx          0x0000000000003070        0x0
 .v4_bx         0x0000000000000000        0x0 linker stubs

.ARM.extab
 *(.ARM.extab* .gnu.linkonce.armextab.*)
                0x0000000000003070                __exidx_start = .

.ARM.exidx
 *(.ARM.exidx* .gnu.linkonce.armexidx.*)
                0x0000000000003070                __exidx_end = .
                0x0000000000003070                _etext = .

.data_RAM2      0x0000000020004000        0x0 load address 0x0000000000003070
 FILL mask 0xff
 *(.data.$RAM2*)
 *(.data.$RamUsb2*)
                0x0000000020004000                . = ALIGN (0x4)

.uninit_RESERVED
                0x0000000010000000        0x0
 *(.bss.$RESERVED*)
                0x0000000010000000                . = ALIGN (0x4)
                0x0000000010000000                _end_uninit_RESERVED = .

.data           0x0000000010000000        0xc load address 0x0000000000003070
 FILL mask 0xff
                0x0000000010000000                _data = .
 *(vtable)
 *(.data*)
 .data.SystemCoreClock
                0x0000000010000000        0x4 /Users/yishii/Dropbox/lpcXpresso/CMSISv2p00_LPC11Uxx/Release/libCMSISv2p00_LPC11Uxx.a(system_LPC11Uxx.o)
                0x0000000010000000                SystemCoreClock
 .data.neginf.4233
                0x0000000010000004        0x4 /Applications/lpcxpresso_6.1.2_177/lpcxpresso/tools/bin/../lib/gcc/arm-none-eabi/4.6.2/../../../../arm-none-eabi/lib/armv6-m/libcr_c.a(scanf.o)
 .data.posinf.4232
                0x0000000010000008        0x4 /Applications/lpcxpresso_6.1.2_177/lpcxpresso/tools/bin/../lib/gcc/arm-none-eabi/4.6.2/../../../../arm-none-eabi/lib/armv6-m/libcr_c.a(scanf.o)
                0x000000001000000c                . = ALIGN (0x4)
                0x000000001000000c                _edata = .

.bss_RAM2       0x0000000020004000        0x0
 *(.bss.$RAM2*)
 *(.bss.$RamUsb2*)
                0x0000000020004000                . = ALIGN (0x4)

.bss            0x000000001000000c      0x1f0
                0x000000001000000c                _bss = .
 *(.bss*)
 .bss.console_buffer_text
                0x000000001000000c       0x7e ./src/console.o
 *fill*         0x000000001000008a        0x2 00
 .bss.cursor_x  0x000000001000008c        0x4 ./src/console.o
 .bss.cursor_y  0x0000000010000090        0x4 ./src/console.o
 .bss.e_ptr     0x0000000010000094        0x4 ./src/fifo.o
 .bss.s_ptr     0x0000000010000098        0x4 ./src/fifo.o
 .bss.buff      0x000000001000009c        0x4 ./src/fifo.o
 .bss.BUF_SIZE  0x00000000100000a0        0x4 ./src/fifo.o
 .bss.datasize  0x00000000100000a4        0x4 ./src/fifo.o
 .bss.flex_int2_falling_edge_counter
                0x00000000100000a8        0x4 ./src/gpio.o
                0x00000000100000a8                flex_int2_falling_edge_counter
 .bss.flex_int6_falling_edge_counter
                0x00000000100000ac        0x4 ./src/gpio.o
                0x00000000100000ac                flex_int6_falling_edge_counter
 .bss.flex_int2_level_counter
                0x00000000100000b0        0x4 ./src/gpio.o
                0x00000000100000b0                flex_int2_level_counter
 .bss.flex_int7_counter
                0x00000000100000b4        0x4 ./src/gpio.o
                0x00000000100000b4                flex_int7_counter
 .bss.flex_int6_rising_edge_counter
                0x00000000100000b8        0x4 ./src/gpio.o
                0x00000000100000b8                flex_int6_rising_edge_counter
 .bss.flex_int4_rising_edge_counter
                0x00000000100000bc        0x4 ./src/gpio.o
                0x00000000100000bc                flex_int4_rising_edge_counter
 .bss.flex_int2_rising_edge_counter
                0x00000000100000c0        0x4 ./src/gpio.o
                0x00000000100000c0                flex_int2_rising_edge_counter
 .bss.gint1_counter
                0x00000000100000c4        0x4 ./src/gpio.o
                0x00000000100000c4                gint1_counter
 .bss.flex_int7_level_counter
                0x00000000100000c8        0x4 ./src/gpio.o
                0x00000000100000c8                flex_int7_level_counter
 .bss.flex_int7_falling_edge_counter
                0x00000000100000cc        0x4 ./src/gpio.o
                0x00000000100000cc                flex_int7_falling_edge_counter
 .bss.flex_int0_rising_edge_counter
                0x00000000100000d0        0x4 ./src/gpio.o
                0x00000000100000d0                flex_int0_rising_edge_counter
 .bss.flex_int2_counter
                0x00000000100000d4        0x4 ./src/gpio.o
                0x00000000100000d4                flex_int2_counter
 .bss.flex_int1_level_counter
                0x00000000100000d8        0x4 ./src/gpio.o
                0x00000000100000d8                flex_int1_level_counter
 .bss.flex_int1_falling_edge_counter
                0x00000000100000dc        0x4 ./src/gpio.o
                0x00000000100000dc                flex_int1_falling_edge_counter
 .bss.flex_int4_falling_edge_counter
                0x00000000100000e0        0x4 ./src/gpio.o
                0x00000000100000e0                flex_int4_falling_edge_counter
 .bss.flex_int5_counter
                0x00000000100000e4        0x4 ./src/gpio.o
                0x00000000100000e4                flex_int5_counter
 .bss.flex_int6_level_counter
                0x00000000100000e8        0x4 ./src/gpio.o
                0x00000000100000e8                flex_int6_level_counter
 .bss.gint1_level_counter
                0x00000000100000ec        0x4 ./src/gpio.o
                0x00000000100000ec                gint1_level_counter
 .bss.flex_int5_level_counter
                0x00000000100000f0        0x4 ./src/gpio.o
                0x00000000100000f0                flex_int5_level_counter
 .bss.flex_int0_level_counter
                0x00000000100000f4        0x4 ./src/gpio.o
                0x00000000100000f4                flex_int0_level_counter
 .bss.flex_int0_counter
                0x00000000100000f8        0x4 ./src/gpio.o
                0x00000000100000f8                flex_int0_counter
 .bss.flex_int7_rising_edge_counter
                0x00000000100000fc        0x4 ./src/gpio.o
                0x00000000100000fc                flex_int7_rising_edge_counter
 .bss.flex_int5_rising_edge_counter
                0x0000000010000100        0x4 ./src/gpio.o
                0x0000000010000100                flex_int5_rising_edge_counter
 .bss.flex_int3_rising_edge_counter
                0x0000000010000104        0x4 ./src/gpio.o
                0x0000000010000104                flex_int3_rising_edge_counter
 .bss.flex_int3_counter
                0x0000000010000108        0x4 ./src/gpio.o
                0x0000000010000108                flex_int3_counter
 .bss.flex_int4_level_counter
                0x000000001000010c        0x4 ./src/gpio.o
                0x000000001000010c                flex_int4_level_counter
 .bss.flex_int5_falling_edge_counter
                0x0000000010000110        0x4 ./src/gpio.o
                0x0000000010000110                flex_int5_falling_edge_counter
 .bss.flex_int1_rising_edge_counter
                0x0000000010000114        0x4 ./src/gpio.o
                0x0000000010000114                flex_int1_rising_edge_counter
 .bss.flex_int6_counter
                0x0000000010000118        0x4 ./src/gpio.o
                0x0000000010000118                flex_int6_counter
 .bss.gint1_edge_counter
                0x000000001000011c        0x4 ./src/gpio.o
                0x000000001000011c                gint1_edge_counter
 .bss.gint0_counter
                0x0000000010000120        0x4 ./src/gpio.o
                0x0000000010000120                gint0_counter
 .bss.gint0_edge_counter
                0x0000000010000124        0x4 ./src/gpio.o
                0x0000000010000124                gint0_edge_counter
 .bss.flex_int3_level_counter
                0x0000000010000128        0x4 ./src/gpio.o
                0x0000000010000128                flex_int3_level_counter
 .bss.flex_int1_counter
                0x000000001000012c        0x4 ./src/gpio.o
                0x000000001000012c                flex_int1_counter
 .bss.gint0_level_counter
                0x0000000010000130        0x4 ./src/gpio.o
                0x0000000010000130                gint0_level_counter
 .bss.flex_int0_falling_edge_counter
                0x0000000010000134        0x4 ./src/gpio.o
                0x0000000010000134                flex_int0_falling_edge_counter
 .bss.flex_int3_falling_edge_counter
                0x0000000010000138        0x4 ./src/gpio.o
                0x0000000010000138                flex_int3_falling_edge_counter
 .bss.flex_int4_counter
                0x000000001000013c        0x4 ./src/gpio.o
                0x000000001000013c                flex_int4_counter
 .bss.TimeTick  0x0000000010000140        0x4 ./src/systick.o
 .bss.errno     0x0000000010000144        0x4 /Applications/lpcxpresso_6.1.2_177/lpcxpresso/tools/bin/../lib/gcc/arm-none-eabi/4.6.2/../../../../arm-none-eabi/lib/armv6-m/libcr_c.a(errno.o)
                0x0000000010000144                errno
 *(COMMON)
 COMMON         0x0000000010000148       0xac ./src/main.o
                0x0000000010000148                g_vCOM
                0x0000000010000170                lcd_buffer
                0x00000000100001f0                pUsbApi
 COMMON         0x00000000100001f4        0x8 /Applications/lpcxpresso_6.1.2_177/lpcxpresso/tools/bin/../lib/gcc/arm-none-eabi/4.6.2/../../../../arm-none-eabi/lib/armv6-m/libcr_c.a(__init_alloc.o)
                0x00000000100001f4                __heaps
                0x00000000100001f8                __end_of_heap
                0x00000000100001fc                . = ALIGN (0x4)
                0x00000000100001fc                _ebss = .
                0x00000000100001fc                PROVIDE (end, .)

.noinit_RAM2    0x0000000020004000        0x0
 *(.noinit.$RAM2*)
 *(.noinit.$RamUsb2*)
                0x0000000020004000                . = ALIGN (0x4)

.noinit         0x00000000100001fc        0x0
                0x00000000100001fc                _noinit = .
 *(.noinit*)
                0x00000000100001fc                . = ALIGN (0x4)
                0x00000000100001fc                _end_noinit = .
                0x00000000100001fc                PROVIDE (_pvHeapStart, .)
                0x0000000010001800                PROVIDE (_vStackTop, (__top_RamLoc6 - 0x0))
OUTPUT(USB_ROM_CDC.axf elf32-littlearm)

.debug_info     0x0000000000000000     0x5505
 .debug_info    0x0000000000000000       0x5c ./src/7x5fonts.o
 .debug_info    0x000000000000005c       0xec ./src/cdc_desc.o
 .debug_info    0x0000000000000148      0x5fb ./src/console.o
 .debug_info    0x0000000000000743      0x292 ./src/cr_startup_lpc11u.o
 .debug_info    0x00000000000009d5      0x16c ./src/fifo.o
 .debug_info    0x0000000000000b41     0x1337 ./src/gpio.o
 .debug_info    0x0000000000001e78      0x19c ./src/iohandler.o
 .debug_info    0x0000000000002014      0x388 ./src/lcd_control.o
 .debug_info    0x000000000000239c     0x29e1 ./src/main.o
 .debug_info    0x0000000000004d7d      0x1b4 ./src/systick.o
 .debug_info    0x0000000000004f31      0x5d4 /Users/yishii/Dropbox/lpcXpresso/CMSISv2p00_LPC11Uxx/Release/libCMSISv2p00_LPC11Uxx.a(system_LPC11Uxx.o)

.debug_abbrev   0x0000000000000000      0xfc5
 .debug_abbrev  0x0000000000000000       0x49 ./src/7x5fonts.o
 .debug_abbrev  0x0000000000000049       0x61 ./src/cdc_desc.o
 .debug_abbrev  0x00000000000000aa      0x247 ./src/console.o
 .debug_abbrev  0x00000000000002f1      0x114 ./src/cr_startup_lpc11u.o
 .debug_abbrev  0x0000000000000405       0xc7 ./src/fifo.o
 .debug_abbrev  0x00000000000004cc      0x26a ./src/gpio.o
 .debug_abbrev  0x0000000000000736       0xc5 ./src/iohandler.o
 .debug_abbrev  0x00000000000007fb      0x14f ./src/lcd_control.o
 .debug_abbrev  0x000000000000094a      0x454 ./src/main.o
 .debug_abbrev  0x0000000000000d9e      0x12e ./src/systick.o
 .debug_abbrev  0x0000000000000ecc       0xf9 /Users/yishii/Dropbox/lpcXpresso/CMSISv2p00_LPC11Uxx/Release/libCMSISv2p00_LPC11Uxx.a(system_LPC11Uxx.o)

.debug_line     0x0000000000000000     0x155e
 .debug_line    0x0000000000000000       0x32 ./src/7x5fonts.o
 .debug_line    0x0000000000000032       0xbe ./src/cdc_desc.o
 .debug_line    0x00000000000000f0      0x22b ./src/console.o
 .debug_line    0x000000000000031b       0xa5 ./src/cr_startup_lpc11u.o
 .debug_line    0x00000000000003c0       0xb8 ./src/fifo.o
 .debug_line    0x0000000000000478      0x455 ./src/gpio.o
 .debug_line    0x00000000000008cd       0xb1 ./src/iohandler.o
 .debug_line    0x000000000000097e      0x19d ./src/lcd_control.o
 .debug_line    0x0000000000000b1b      0x4e1 ./src/main.o
 .debug_line    0x0000000000000ffc      0x15c ./src/systick.o
 .debug_line    0x0000000000001158      0x406 /Users/yishii/Dropbox/lpcXpresso/CMSISv2p00_LPC11Uxx/Release/libCMSISv2p00_LPC11Uxx.a(system_LPC11Uxx.o)

.debug_str      0x0000000000000000     0x2625
 .debug_str     0x0000000000000000       0xa7 ./src/7x5fonts.o
                                         0xb4 (size before relaxing)
 .debug_str     0x00000000000000a7       0xa5 ./src/cdc_desc.o
                                        0x153 (size before relaxing)
 .debug_str     0x000000000000014c      0x1f2 ./src/console.o
                                        0x2d8 (size before relaxing)
 .debug_str     0x000000000000033e      0x12f ./src/cr_startup_lpc11u.o
                                        0x22c (size before relaxing)
 .debug_str     0x000000000000046d       0x86 ./src/fifo.o
                                        0x11e (size before relaxing)
 .debug_str     0x00000000000004f3      0xac3 ./src/gpio.o
                                        0xbdc (size before relaxing)
 .debug_str     0x0000000000000fb6       0x9e ./src/iohandler.o
                                        0x121 (size before relaxing)
 .debug_str     0x0000000000001054       0xd7 ./src/lcd_control.o
                                        0x1e7 (size before relaxing)
 .debug_str     0x000000000000112b     0x1434 ./src/main.o
                                       0x1b15 (size before relaxing)
 .debug_str     0x000000000000255f       0x41 ./src/systick.o
                                        0x18a (size before relaxing)
 .debug_str     0x00000000000025a0       0x85 /Users/yishii/Dropbox/lpcXpresso/CMSISv2p00_LPC11Uxx/Release/libCMSISv2p00_LPC11Uxx.a(system_LPC11Uxx.o)
                                        0x3c4 (size before relaxing)

.comment        0x0000000000000000       0xe0
 .comment       0x0000000000000000       0x70 ./src/7x5fonts.o
                                         0x71 (size before relaxing)
 .comment       0x0000000000000000       0x71 ./src/cdc_desc.o
 .comment       0x0000000000000000       0x71 ./src/console.o
 .comment       0x0000000000000000       0x71 ./src/cr_startup_lpc11u.o
 .comment       0x0000000000000000       0x71 ./src/fifo.o
 .comment       0x0000000000000000       0x71 ./src/gpio.o
 .comment       0x0000000000000000       0x71 ./src/iohandler.o
 .comment       0x0000000000000000       0x71 ./src/lcd_control.o
 .comment       0x0000000000000000       0x71 ./src/main.o
 .comment       0x0000000000000000       0x71 ./src/systick.o
 .comment       0x0000000000000000       0x71 /Users/yishii/Dropbox/lpcXpresso/CMSISv2p00_LPC11Uxx/Release/libCMSISv2p00_LPC11Uxx.a(system_LPC11Uxx.o)
 .comment       0x0000000000000000       0x71 /Applications/lpcxpresso_6.1.2_177/lpcxpresso/tools/bin/../lib/gcc/arm-none-eabi/4.6.2/../../../../arm-none-eabi/lib/armv6-m/libcr_c.a(memcpy.o)
 .comment       0x0000000000000000       0x71 /Applications/lpcxpresso_6.1.2_177/lpcxpresso/tools/bin/../lib/gcc/arm-none-eabi/4.6.2/../../../../arm-none-eabi/lib/armv6-m/libcr_c.a(memset.o)
 .comment       0x0000000000000000       0x71 /Applications/lpcxpresso_6.1.2_177/lpcxpresso/tools/bin/../lib/gcc/arm-none-eabi/4.6.2/../../../../arm-none-eabi/lib/armv6-m/libcr_c.a(__weak__main.o)
 .comment       0x0000000000000000       0x71 /Applications/lpcxpresso_6.1.2_177/lpcxpresso/tools/bin/../lib/gcc/arm-none-eabi/4.6.2/../../../../arm-none-eabi/lib/armv6-m/libcr_c.a(scanf.o)
 .comment       0x0000000000000000       0x71 /Applications/lpcxpresso_6.1.2_177/lpcxpresso/tools/bin/../lib/gcc/arm-none-eabi/4.6.2/../../../../arm-none-eabi/lib/armv6-m/libcr_c.a(stdio.o)
 .comment       0x0000000000000000       0x71 /Applications/lpcxpresso_6.1.2_177/lpcxpresso/tools/bin/../lib/gcc/arm-none-eabi/4.6.2/../../../../arm-none-eabi/lib/armv6-m/libcr_c.a(strlen.o)
 .comment       0x0000000000000000       0x71 /Applications/lpcxpresso_6.1.2_177/lpcxpresso/tools/bin/../lib/gcc/arm-none-eabi/4.6.2/../../../../arm-none-eabi/lib/armv6-m/libcr_c.a(ungetc.o)
 .comment       0x0000000000000000       0x71 /Applications/lpcxpresso_6.1.2_177/lpcxpresso/tools/bin/../lib/gcc/arm-none-eabi/4.6.2/../../../../arm-none-eabi/lib/armv6-m/libcr_c.a(__fillbuf.o)
 .comment       0x0000000000000000       0x71 /Applications/lpcxpresso_6.1.2_177/lpcxpresso/tools/bin/../lib/gcc/arm-none-eabi/4.6.2/../../../../arm-none-eabi/lib/armv6-m/libcr_c.a(_deferredlazyseek.o)
 .comment       0x0000000000000000       0x71 /Applications/lpcxpresso_6.1.2_177/lpcxpresso/tools/bin/../lib/gcc/arm-none-eabi/4.6.2/../../../../arm-none-eabi/lib/armv6-m/libcr_c.a(_fflush.o)
 .comment       0x0000000000000000       0x71 /Applications/lpcxpresso_6.1.2_177/lpcxpresso/tools/bin/../lib/gcc/arm-none-eabi/4.6.2/../../../../arm-none-eabi/lib/armv6-m/libcr_c.a(_frexpl.o)
 .comment       0x0000000000000000       0x71 /Applications/lpcxpresso_6.1.2_177/lpcxpresso/tools/bin/../lib/gcc/arm-none-eabi/4.6.2/../../../../arm-none-eabi/lib/armv6-m/libcr_c.a(_hugeval.o)
 .comment       0x0000000000000000       0x71 /Applications/lpcxpresso_6.1.2_177/lpcxpresso/tools/bin/../lib/gcc/arm-none-eabi/4.6.2/../../../../arm-none-eabi/lib/armv6-m/libcr_c.a(_ldexpl.o)
 .comment       0x0000000000000000       0x71 /Applications/lpcxpresso_6.1.2_177/lpcxpresso/tools/bin/../lib/gcc/arm-none-eabi/4.6.2/../../../../arm-none-eabi/lib/armv6-m/libcr_c.a(_writebuf.o)
 .comment       0x0000000000000000       0x71 /Applications/lpcxpresso_6.1.2_177/lpcxpresso/tools/bin/../lib/gcc/arm-none-eabi/4.6.2/../../../../arm-none-eabi/lib/armv6-m/libcr_c.a(alloc.o)
 .comment       0x0000000000000000       0x71 /Applications/lpcxpresso_6.1.2_177/lpcxpresso/tools/bin/../lib/gcc/arm-none-eabi/4.6.2/../../../../arm-none-eabi/lib/armv6-m/libcr_c.a(ctype.o)
 .comment       0x0000000000000000       0x71 /Applications/lpcxpresso_6.1.2_177/lpcxpresso/tools/bin/../lib/gcc/arm-none-eabi/4.6.2/../../../../arm-none-eabi/lib/armv6-m/libcr_c.a(errno.o)
 .comment       0x0000000000000000       0x71 /Applications/lpcxpresso_6.1.2_177/lpcxpresso/tools/bin/../lib/gcc/arm-none-eabi/4.6.2/../../../../arm-none-eabi/lib/armv6-m/libcr_c.a(fseek.o)
 .comment       0x0000000000000000       0x71 /Applications/lpcxpresso_6.1.2_177/lpcxpresso/tools/bin/../lib/gcc/arm-none-eabi/4.6.2/../../../../arm-none-eabi/lib/armv6-m/libcr_c.a(ftell.o)
 .comment       0x0000000000000000       0x71 /Applications/lpcxpresso_6.1.2_177/lpcxpresso/tools/bin/../lib/gcc/arm-none-eabi/4.6.2/../../../../arm-none-eabi/lib/armv6-m/libcr_c.a(__init_alloc.o)
 .comment       0x0000000000000070       0x70 /Applications/lpcxpresso_6.1.2_177/lpcxpresso/tools/bin/../lib/gcc/arm-none-eabi/4.6.2/armv6-m/libcr_eabihelpers.a(double.o)
                                         0x71 (size before relaxing)

.ARM.attributes
                0x0000000000000000       0x2f
 .ARM.attributes
                0x0000000000000000       0x31 ./src/7x5fonts.o
 .ARM.attributes
                0x0000000000000031       0x31 ./src/cdc_desc.o
 .ARM.attributes
                0x0000000000000062       0x31 ./src/console.o
 .ARM.attributes
                0x0000000000000093       0x31 ./src/cr_startup_lpc11u.o
 .ARM.attributes
                0x00000000000000c4       0x31 ./src/fifo.o
 .ARM.attributes
                0x00000000000000f5       0x31 ./src/gpio.o
 .ARM.attributes
                0x0000000000000126       0x31 ./src/iohandler.o
 .ARM.attributes
                0x0000000000000157       0x31 ./src/lcd_control.o
 .ARM.attributes
                0x0000000000000188       0x31 ./src/main.o
 .ARM.attributes
                0x00000000000001b9       0x31 ./src/systick.o
 .ARM.attributes
                0x00000000000001ea       0x31 /Users/yishii/Dropbox/lpcXpresso/CMSISv2p00_LPC11Uxx/Release/libCMSISv2p00_LPC11Uxx.a(system_LPC11Uxx.o)
 .ARM.attributes
                0x000000000000021b       0x31 /Applications/lpcxpresso_6.1.2_177/lpcxpresso/tools/bin/../lib/gcc/arm-none-eabi/4.6.2/../../../../arm-none-eabi/lib/armv6-m/libcr_c.a(memcpy.o)
 .ARM.attributes
                0x000000000000024c       0x31 /Applications/lpcxpresso_6.1.2_177/lpcxpresso/tools/bin/../lib/gcc/arm-none-eabi/4.6.2/../../../../arm-none-eabi/lib/armv6-m/libcr_c.a(memset.o)
 .ARM.attributes
                0x000000000000027d       0x31 /Applications/lpcxpresso_6.1.2_177/lpcxpresso/tools/bin/../lib/gcc/arm-none-eabi/4.6.2/../../../../arm-none-eabi/lib/armv6-m/libcr_c.a(__weak__main.o)
 .ARM.attributes
                0x00000000000002ae       0x31 /Applications/lpcxpresso_6.1.2_177/lpcxpresso/tools/bin/../lib/gcc/arm-none-eabi/4.6.2/../../../../arm-none-eabi/lib/armv6-m/libcr_c.a(scanf.o)
 .ARM.attributes
                0x00000000000002df       0x31 /Applications/lpcxpresso_6.1.2_177/lpcxpresso/tools/bin/../lib/gcc/arm-none-eabi/4.6.2/../../../../arm-none-eabi/lib/armv6-m/libcr_c.a(stdio.o)
 .ARM.attributes
                0x0000000000000310       0x31 /Applications/lpcxpresso_6.1.2_177/lpcxpresso/tools/bin/../lib/gcc/arm-none-eabi/4.6.2/../../../../arm-none-eabi/lib/armv6-m/libcr_c.a(strlen.o)
 .ARM.attributes
                0x0000000000000341       0x31 /Applications/lpcxpresso_6.1.2_177/lpcxpresso/tools/bin/../lib/gcc/arm-none-eabi/4.6.2/../../../../arm-none-eabi/lib/armv6-m/libcr_c.a(ungetc.o)
 .ARM.attributes
                0x0000000000000372       0x31 /Applications/lpcxpresso_6.1.2_177/lpcxpresso/tools/bin/../lib/gcc/arm-none-eabi/4.6.2/../../../../arm-none-eabi/lib/armv6-m/libcr_c.a(__fillbuf.o)
 .ARM.attributes
                0x00000000000003a3       0x31 /Applications/lpcxpresso_6.1.2_177/lpcxpresso/tools/bin/../lib/gcc/arm-none-eabi/4.6.2/../../../../arm-none-eabi/lib/armv6-m/libcr_c.a(_deferredlazyseek.o)
 .ARM.attributes
                0x00000000000003d4       0x31 /Applications/lpcxpresso_6.1.2_177/lpcxpresso/tools/bin/../lib/gcc/arm-none-eabi/4.6.2/../../../../arm-none-eabi/lib/armv6-m/libcr_c.a(_fflush.o)
 .ARM.attributes
                0x0000000000000405       0x31 /Applications/lpcxpresso_6.1.2_177/lpcxpresso/tools/bin/../lib/gcc/arm-none-eabi/4.6.2/../../../../arm-none-eabi/lib/armv6-m/libcr_c.a(_frexpl.o)
 .ARM.attributes
                0x0000000000000436       0x31 /Applications/lpcxpresso_6.1.2_177/lpcxpresso/tools/bin/../lib/gcc/arm-none-eabi/4.6.2/../../../../arm-none-eabi/lib/armv6-m/libcr_c.a(_hugeval.o)
 .ARM.attributes
                0x0000000000000467       0x31 /Applications/lpcxpresso_6.1.2_177/lpcxpresso/tools/bin/../lib/gcc/arm-none-eabi/4.6.2/../../../../arm-none-eabi/lib/armv6-m/libcr_c.a(_ldexpl.o)
 .ARM.attributes
                0x0000000000000498       0x31 /Applications/lpcxpresso_6.1.2_177/lpcxpresso/tools/bin/../lib/gcc/arm-none-eabi/4.6.2/../../../../arm-none-eabi/lib/armv6-m/libcr_c.a(_writebuf.o)
 .ARM.attributes
                0x00000000000004c9       0x31 /Applications/lpcxpresso_6.1.2_177/lpcxpresso/tools/bin/../lib/gcc/arm-none-eabi/4.6.2/../../../../arm-none-eabi/lib/armv6-m/libcr_c.a(alloc.o)
 .ARM.attributes
                0x00000000000004fa       0x31 /Applications/lpcxpresso_6.1.2_177/lpcxpresso/tools/bin/../lib/gcc/arm-none-eabi/4.6.2/../../../../arm-none-eabi/lib/armv6-m/libcr_c.a(ctype.o)
 .ARM.attributes
                0x000000000000052b       0x31 /Applications/lpcxpresso_6.1.2_177/lpcxpresso/tools/bin/../lib/gcc/arm-none-eabi/4.6.2/../../../../arm-none-eabi/lib/armv6-m/libcr_c.a(errno.o)
 .ARM.attributes
                0x000000000000055c       0x31 /Applications/lpcxpresso_6.1.2_177/lpcxpresso/tools/bin/../lib/gcc/arm-none-eabi/4.6.2/../../../../arm-none-eabi/lib/armv6-m/libcr_c.a(fseek.o)
 .ARM.attributes
                0x000000000000058d       0x31 /Applications/lpcxpresso_6.1.2_177/lpcxpresso/tools/bin/../lib/gcc/arm-none-eabi/4.6.2/../../../../arm-none-eabi/lib/armv6-m/libcr_c.a(ftell.o)
 .ARM.attributes
                0x00000000000005be       0x31 /Applications/lpcxpresso_6.1.2_177/lpcxpresso/tools/bin/../lib/gcc/arm-none-eabi/4.6.2/../../../../arm-none-eabi/lib/armv6-m/libcr_c.a(__init_alloc.o)
 .ARM.attributes
                0x00000000000005ef       0x21 /Applications/lpcxpresso_6.1.2_177/lpcxpresso/tools/bin/../lib/gcc/arm-none-eabi/4.6.2/armv6-m/libcr_eabihelpers.a(division.o)
 .ARM.attributes
                0x0000000000000610       0x31 /Applications/lpcxpresso_6.1.2_177/lpcxpresso/tools/bin/../lib/gcc/arm-none-eabi/4.6.2/armv6-m/libcr_eabihelpers.a(double.o)
 .ARM.attributes
                0x0000000000000641       0x21 /Applications/lpcxpresso_6.1.2_177/lpcxpresso/tools/bin/../lib/gcc/arm-none-eabi/4.6.2/armv6-m/libcr_eabihelpers.a(llong.o)
 .ARM.attributes
                0x0000000000000662       0x21 /Applications/lpcxpresso_6.1.2_177/lpcxpresso/tools/bin/../lib/gcc/arm-none-eabi/4.6.2/armv6-m/libcr_eabihelpers.a(memcpy.o)
 .ARM.attributes
                0x0000000000000683       0x21 /Applications/lpcxpresso_6.1.2_177/lpcxpresso/tools/bin/../lib/gcc/arm-none-eabi/4.6.2/armv6-m/libcr_eabihelpers.a(thumb1_switch_helpers.o)

.debug_loc      0x0000000000000000     0x168b
 .debug_loc     0x0000000000000000      0x466 ./src/console.o
 .debug_loc     0x0000000000000466      0x28f ./src/cr_startup_lpc11u.o
 .debug_loc     0x00000000000006f5       0x9f ./src/fifo.o
 .debug_loc     0x0000000000000794      0x506 ./src/gpio.o
 .debug_loc     0x0000000000000c9a       0x5f ./src/iohandler.o
 .debug_loc     0x0000000000000cf9      0x2a3 ./src/lcd_control.o
 .debug_loc     0x0000000000000f9c      0x5b6 ./src/main.o
 .debug_loc     0x0000000000001552       0xaf ./src/systick.o
 .debug_loc     0x0000000000001601       0x8a /Users/yishii/Dropbox/lpcXpresso/CMSISv2p00_LPC11Uxx/Release/libCMSISv2p00_LPC11Uxx.a(system_LPC11Uxx.o)

.debug_aranges  0x0000000000000000      0x360
 .debug_aranges
                0x0000000000000000       0x58 ./src/console.o
 .debug_aranges
                0x0000000000000058       0x60 ./src/cr_startup_lpc11u.o
 .debug_aranges
                0x00000000000000b8       0x48 ./src/fifo.o
 .debug_aranges
                0x0000000000000100       0xc0 ./src/gpio.o
 .debug_aranges
                0x00000000000001c0       0x58 ./src/iohandler.o
 .debug_aranges
                0x0000000000000218       0x60 ./src/lcd_control.o
 .debug_aranges
                0x0000000000000278       0x88 ./src/main.o
 .debug_aranges
                0x0000000000000300       0x38 ./src/systick.o
 .debug_aranges
                0x0000000000000338       0x28 /Users/yishii/Dropbox/lpcXpresso/CMSISv2p00_LPC11Uxx/Release/libCMSISv2p00_LPC11Uxx.a(system_LPC11Uxx.o)

.debug_ranges   0x0000000000000000      0x3e8
 .debug_ranges  0x0000000000000000       0xc8 ./src/console.o
 .debug_ranges  0x00000000000000c8       0x50 ./src/cr_startup_lpc11u.o
 .debug_ranges  0x0000000000000118       0x38 ./src/fifo.o
 .debug_ranges  0x0000000000000150      0x100 ./src/gpio.o
 .debug_ranges  0x0000000000000250       0x48 ./src/iohandler.o
 .debug_ranges  0x0000000000000298       0x80 ./src/lcd_control.o
 .debug_ranges  0x0000000000000318       0x90 ./src/main.o
 .debug_ranges  0x00000000000003a8       0x28 ./src/systick.o
 .debug_ranges  0x00000000000003d0       0x18 /Users/yishii/Dropbox/lpcXpresso/CMSISv2p00_LPC11Uxx/Release/libCMSISv2p00_LPC11Uxx.a(system_LPC11Uxx.o)

.debug_frame    0x0000000000000000      0x7fc
 .debug_frame   0x0000000000000000       0xe0 ./src/console.o
 .debug_frame   0x00000000000000e0       0xec ./src/cr_startup_lpc11u.o
 .debug_frame   0x00000000000001cc       0x88 ./src/fifo.o
 .debug_frame   0x0000000000000254      0x1f8 ./src/gpio.o
 .debug_frame   0x000000000000044c       0x90 ./src/iohandler.o
 .debug_frame   0x00000000000004dc       0xf8 ./src/lcd_control.o
 .debug_frame   0x00000000000005d4      0x174 ./src/main.o
 .debug_frame   0x0000000000000748       0x68 ./src/systick.o
 .debug_frame   0x00000000000007b0       0x4c /Users/yishii/Dropbox/lpcXpresso/CMSISv2p00_LPC11Uxx/Release/libCMSISv2p00_LPC11Uxx.a(system_LPC11Uxx.o)

.debug_macinfo  0x0000000000000000     0x54d2
 .debug_macinfo
                0x0000000000000000     0x54d2 /Users/yishii/Dropbox/lpcXpresso/CMSISv2p00_LPC11Uxx/Release/libCMSISv2p00_LPC11Uxx.a(system_LPC11Uxx.o)
