Archive member included because of file (symbol)

/Users/yishii/Dropbox/lpcXpresso/LPC11Uxx_Driver_Lib/Release/libLPC11Uxx_Driver_Lib.a(system_LPC11Uxx.o)
                              ./src/main.o (SystemCoreClockUpdate)
/Applications/lpcxpresso_6.1.2_177/lpcxpresso/tools/bin/../lib/gcc/arm-none-eabi/4.6.2/../../../../arm-none-eabi/lib/armv6-m/libcr_c.a(memset.o)
                              ./src/main.o (memset)
/Applications/lpcxpresso_6.1.2_177/lpcxpresso/tools/bin/../lib/gcc/arm-none-eabi/4.6.2/../../../../arm-none-eabi/lib/armv6-m/libcr_c.a(__weak__main.o)
                              ./src/cr_startup_lpc11u.o (__main)
/Applications/lpcxpresso_6.1.2_177/lpcxpresso/tools/bin/../lib/gcc/arm-none-eabi/4.6.2/armv6-m/libcr_eabihelpers.a(division.o)
                              ./src/main.o (__aeabi_uidiv)
/Applications/lpcxpresso_6.1.2_177/lpcxpresso/tools/bin/../lib/gcc/arm-none-eabi/4.6.2/armv6-m/libcr_eabihelpers.a(memcpy.o)
                              /Applications/lpcxpresso_6.1.2_177/lpcxpresso/tools/bin/../lib/gcc/arm-none-eabi/4.6.2/../../../../arm-none-eabi/lib/armv6-m/libcr_c.a(memset.o) (__aeabi_lowlevel_memset)

Allocating common symbols
Common symbol       size              file

g_vCOM              0x28              ./src/main.o
pUsbApi             0x4               ./src/main.o

Discarded input sections

 .text          0x0000000000000000        0x0 ./src/cdc_desc.o
 .data          0x0000000000000000        0x0 ./src/cdc_desc.o
 .bss           0x0000000000000000        0x0 ./src/cdc_desc.o
 .text          0x0000000000000000        0x0 ./src/cr_startup_lpc11u.o
 .data          0x0000000000000000        0x0 ./src/cr_startup_lpc11u.o
 .bss           0x0000000000000000        0x0 ./src/cr_startup_lpc11u.o
 .text          0x0000000000000000        0x0 ./src/main.o
 .data          0x0000000000000000        0x0 ./src/main.o
 .bss           0x0000000000000000        0x0 ./src/main.o
 .text          0x0000000000000000        0x0 /Users/yishii/Dropbox/lpcXpresso/LPC11Uxx_Driver_Lib/Release/libLPC11Uxx_Driver_Lib.a(system_LPC11Uxx.o)
 .data          0x0000000000000000        0x0 /Users/yishii/Dropbox/lpcXpresso/LPC11Uxx_Driver_Lib/Release/libLPC11Uxx_Driver_Lib.a(system_LPC11Uxx.o)
 .bss           0x0000000000000000        0x0 /Users/yishii/Dropbox/lpcXpresso/LPC11Uxx_Driver_Lib/Release/libLPC11Uxx_Driver_Lib.a(system_LPC11Uxx.o)
 .text          0x0000000000000000        0x0 /Applications/lpcxpresso_6.1.2_177/lpcxpresso/tools/bin/../lib/gcc/arm-none-eabi/4.6.2/../../../../arm-none-eabi/lib/armv6-m/libcr_c.a(memset.o)
 .data          0x0000000000000000        0x0 /Applications/lpcxpresso_6.1.2_177/lpcxpresso/tools/bin/../lib/gcc/arm-none-eabi/4.6.2/../../../../arm-none-eabi/lib/armv6-m/libcr_c.a(memset.o)
 .bss           0x0000000000000000        0x0 /Applications/lpcxpresso_6.1.2_177/lpcxpresso/tools/bin/../lib/gcc/arm-none-eabi/4.6.2/../../../../arm-none-eabi/lib/armv6-m/libcr_c.a(memset.o)
 .text          0x0000000000000000        0x0 /Applications/lpcxpresso_6.1.2_177/lpcxpresso/tools/bin/../lib/gcc/arm-none-eabi/4.6.2/../../../../arm-none-eabi/lib/armv6-m/libcr_c.a(__weak__main.o)
 .data          0x0000000000000000        0x0 /Applications/lpcxpresso_6.1.2_177/lpcxpresso/tools/bin/../lib/gcc/arm-none-eabi/4.6.2/../../../../arm-none-eabi/lib/armv6-m/libcr_c.a(__weak__main.o)
 .bss           0x0000000000000000        0x0 /Applications/lpcxpresso_6.1.2_177/lpcxpresso/tools/bin/../lib/gcc/arm-none-eabi/4.6.2/../../../../arm-none-eabi/lib/armv6-m/libcr_c.a(__weak__main.o)
 .text          0x0000000000000000        0x0 /Applications/lpcxpresso_6.1.2_177/lpcxpresso/tools/bin/../lib/gcc/arm-none-eabi/4.6.2/armv6-m/libcr_eabihelpers.a(division.o)
 .data          0x0000000000000000        0x0 /Applications/lpcxpresso_6.1.2_177/lpcxpresso/tools/bin/../lib/gcc/arm-none-eabi/4.6.2/armv6-m/libcr_eabihelpers.a(division.o)
 .bss           0x0000000000000000        0x0 /Applications/lpcxpresso_6.1.2_177/lpcxpresso/tools/bin/../lib/gcc/arm-none-eabi/4.6.2/armv6-m/libcr_eabihelpers.a(division.o)
 .text.__aeabi_division_idivmod
                0x0000000000000000        0x6 /Applications/lpcxpresso_6.1.2_177/lpcxpresso/tools/bin/../lib/gcc/arm-none-eabi/4.6.2/armv6-m/libcr_eabihelpers.a(division.o)
 .text.__aeabi_division_uldivmod
                0x0000000000000000       0x5a /Applications/lpcxpresso_6.1.2_177/lpcxpresso/tools/bin/../lib/gcc/arm-none-eabi/4.6.2/armv6-m/libcr_eabihelpers.a(division.o)
 .text.__aeabi_division_ldivmod
                0x0000000000000000       0x32 /Applications/lpcxpresso_6.1.2_177/lpcxpresso/tools/bin/../lib/gcc/arm-none-eabi/4.6.2/armv6-m/libcr_eabihelpers.a(division.o)
 .text.__aeabi_division_ldiv0
                0x0000000000000000        0x2 /Applications/lpcxpresso_6.1.2_177/lpcxpresso/tools/bin/../lib/gcc/arm-none-eabi/4.6.2/armv6-m/libcr_eabihelpers.a(division.o)
 .text.__aeabi_division_idivq31+15
                0x0000000000000000      0x188 /Applications/lpcxpresso_6.1.2_177/lpcxpresso/tools/bin/../lib/gcc/arm-none-eabi/4.6.2/armv6-m/libcr_eabihelpers.a(division.o)
 .text          0x0000000000000000        0x0 /Applications/lpcxpresso_6.1.2_177/lpcxpresso/tools/bin/../lib/gcc/arm-none-eabi/4.6.2/armv6-m/libcr_eabihelpers.a(memcpy.o)
 .data          0x0000000000000000        0x0 /Applications/lpcxpresso_6.1.2_177/lpcxpresso/tools/bin/../lib/gcc/arm-none-eabi/4.6.2/armv6-m/libcr_eabihelpers.a(memcpy.o)
 .bss           0x0000000000000000        0x0 /Applications/lpcxpresso_6.1.2_177/lpcxpresso/tools/bin/../lib/gcc/arm-none-eabi/4.6.2/armv6-m/libcr_eabihelpers.a(memcpy.o)
 .text.__aeabi_memcpy
                0x0000000000000000       0x2c /Applications/lpcxpresso_6.1.2_177/lpcxpresso/tools/bin/../lib/gcc/arm-none-eabi/4.6.2/armv6-m/libcr_eabihelpers.a(memcpy.o)
 .text.__aeabi_memmove
                0x0000000000000000       0x1c /Applications/lpcxpresso_6.1.2_177/lpcxpresso/tools/bin/../lib/gcc/arm-none-eabi/4.6.2/armv6-m/libcr_eabihelpers.a(memcpy.o)
 .text.__aeabi_memclr
                0x0000000000000000        0x6 /Applications/lpcxpresso_6.1.2_177/lpcxpresso/tools/bin/../lib/gcc/arm-none-eabi/4.6.2/armv6-m/libcr_eabihelpers.a(memcpy.o)
 .text.__aeabi_memset
                0x0000000000000000        0x8 /Applications/lpcxpresso_6.1.2_177/lpcxpresso/tools/bin/../lib/gcc/arm-none-eabi/4.6.2/armv6-m/libcr_eabihelpers.a(memcpy.o)

Memory Configuration

Name             Origin             Length             Attributes
MFlash32         0x0000000000000000 0x0000000000008000 xr
RamLoc6          0x0000000010000000 0x0000000000001800 xrw
RamUsb2          0x0000000020004000 0x0000000000000800 xrw
*default*        0x0000000000000000 0xffffffffffffffff

Linker script and memory map

LOAD ./src/cdc_desc.o
LOAD ./src/cr_startup_lpc11u.o
LOAD ./src/main.o
LOAD /Users/yishii/Dropbox/lpcXpresso/LPC11Uxx_Driver_Lib/Release/libLPC11Uxx_Driver_Lib.a
LOAD /Users/yishii/Dropbox/lpcXpresso/CMSISv2p00_LPC11Uxx/Release/libCMSISv2p00_LPC11Uxx.a
START GROUP
LOAD /Applications/lpcxpresso_6.1.2_177/lpcxpresso/tools/bin/../lib/gcc/arm-none-eabi/4.6.2/../../../../arm-none-eabi/lib/armv6-m/libcr_c.a
LOAD /Applications/lpcxpresso_6.1.2_177/lpcxpresso/tools/bin/../lib/gcc/arm-none-eabi/4.6.2/armv6-m/libcr_eabihelpers.a
END GROUP
                0x0000000000008000                __top_MFlash32 = 0x8000
                0x0000000010001800                __top_RamLoc6 = 0x10001800
                0x0000000020004800                __top_RamUsb2 = 0x20004800

.text           0x0000000000000000      0xd1c
 FILL mask 0xff
                0x0000000000000000                __vectors_start__ = ABSOLUTE (.)
 *(.isr_vector)
 .isr_vector    0x0000000000000000       0xc0 ./src/cr_startup_lpc11u.o
                0x0000000000000000                g_pfnVectors
                0x00000000000000c0                . = ALIGN (0x4)
                0x00000000000000c0                __section_table_start = .
                0x00000000000000c0                __data_section_table = .
                0x00000000000000c0        0x4 LONG 0xd1c LOADADDR (.data)
                0x00000000000000c4        0x4 LONG 0x10000000 ADDR (.data)
                0x00000000000000c8        0x4 LONG 0x4 SIZEOF (.data)
                0x00000000000000cc        0x4 LONG 0xd1c LOADADDR (.data_RAM2)
                0x00000000000000d0        0x4 LONG 0x20004000 ADDR (.data_RAM2)
                0x00000000000000d4        0x4 LONG 0x0 SIZEOF (.data_RAM2)
                0x00000000000000d8                __data_section_table_end = .
                0x00000000000000d8                __bss_section_table = .
                0x00000000000000d8        0x4 LONG 0x10000004 ADDR (.bss)
                0x00000000000000dc        0x4 LONG 0x2c SIZEOF (.bss)
                0x00000000000000e0        0x4 LONG 0x20004000 ADDR (.bss_RAM2)
                0x00000000000000e4        0x4 LONG 0x0 SIZEOF (.bss_RAM2)
                0x00000000000000e8                __bss_section_table_end = .
                0x00000000000000e8                __section_table_end = .
 *(.after_vectors*)
 .after_vectors
                0x00000000000000e8       0x80 ./src/cr_startup_lpc11u.o
                0x00000000000000e8                NMI_Handler
                0x00000000000000ec                HardFault_Handler
                0x00000000000000f0                SVC_Handler
                0x00000000000000f4                PendSV_Handler
                0x00000000000000f8                SysTick_Handler
                0x00000000000000fc                data_init
                0x000000000000010e                bss_init
                0x0000000000000120                ResetISR
                0x0000000000000164                FLEX_INT0_IRQHandler
                0x0000000000000164                FLEX_INT2_IRQHandler
                0x0000000000000164                TIMER16_1_IRQHandler
                0x0000000000000164                USB_FIQHandler
                0x0000000000000164                FLEX_INT5_IRQHandler
                0x0000000000000164                ADC_IRQHandler
                0x0000000000000164                SSP1_IRQHandler
                0x0000000000000164                FLEX_INT3_IRQHandler
                0x0000000000000164                BOD_IRQHandler
                0x0000000000000164                I2C_IRQHandler
                0x0000000000000164                WDT_IRQHandler
                0x0000000000000164                GINT0_IRQHandler
                0x0000000000000164                FLEX_INT4_IRQHandler
                0x0000000000000164                FLEX_INT6_IRQHandler
                0x0000000000000164                FMC_IRQHandler
                0x0000000000000164                TIMER16_0_IRQHandler
                0x0000000000000164                GINT1_IRQHandler
                0x0000000000000164                TIMER32_0_IRQHandler
                0x0000000000000164                FLEX_INT7_IRQHandler
                0x0000000000000164                TIMER32_1_IRQHandler
                0x0000000000000164                FLEX_INT1_IRQHandler
                0x0000000000000164                IntDefaultHandler
                0x0000000000000164                SSP0_IRQHandler
                0x0000000000000164                USBWakeup_IRQHandler
 *(.text*)
 .text.NVIC_EnableIRQ
                0x0000000000000168       0x2c ./src/main.o
 .text.USB_pin_clk_init
                0x0000000000000194       0x64 ./src/main.o
                0x0000000000000194                USB_pin_clk_init
 .text.VCOM_usb_send
                0x00000000000001f8       0x40 ./src/main.o
                0x00000000000001f8                VCOM_usb_send
 .text.init_uart1_bridge
                0x0000000000000238      0x1a0 ./src/main.o
                0x0000000000000238                init_uart1_bridge
 .text.uart_write
                0x00000000000003d8       0xc4 ./src/main.o
 .text.uart_read
                0x000000000000049c       0x6c ./src/main.o
 .text.VCOM_uart_send
                0x0000000000000508       0x18 ./src/main.o
                0x0000000000000508                VCOM_uart_send
 .text.UART_IRQHandler
                0x0000000000000520      0x104 ./src/main.o
                0x0000000000000520                UART_IRQHandler
 .text.VCOM_SetLineCode
                0x0000000000000624       0x3c ./src/main.o
                0x0000000000000624                VCOM_SetLineCode
 .text.VCOM_sof_event
                0x0000000000000660       0xa0 ./src/main.o
                0x0000000000000660                VCOM_sof_event
 .text.VCOM_SendBreak
                0x0000000000000700       0x6c ./src/main.o
                0x0000000000000700                VCOM_SendBreak
 .text.VCOM_bulk_in_hdlr
                0x000000000000076c       0x18 ./src/main.o
                0x000000000000076c                VCOM_bulk_in_hdlr
 .text.VCOM_bulk_out_hdlr
                0x0000000000000784       0x64 ./src/main.o
                0x0000000000000784                VCOM_bulk_out_hdlr
 .text.USB_IRQHandler
                0x00000000000007e8       0x20 ./src/main.o
                0x00000000000007e8                USB_IRQHandler
 .text.main     0x0000000000000808      0x230 ./src/main.o
                0x0000000000000808                main
 .text.SystemCoreClockUpdate
                0x0000000000000a38       0x9c /Users/yishii/Dropbox/lpcXpresso/LPC11Uxx_Driver_Lib/Release/libLPC11Uxx_Driver_Lib.a(system_LPC11Uxx.o)
                0x0000000000000a38                SystemCoreClockUpdate
 .text.SystemInit
                0x0000000000000ad4       0xdc /Users/yishii/Dropbox/lpcXpresso/LPC11Uxx_Driver_Lib/Release/libLPC11Uxx_Driver_Lib.a(system_LPC11Uxx.o)
                0x0000000000000ad4                SystemInit
 .text.memset   0x0000000000000bb0        0x8 /Applications/lpcxpresso_6.1.2_177/lpcxpresso/tools/bin/../lib/gcc/arm-none-eabi/4.6.2/../../../../arm-none-eabi/lib/armv6-m/libcr_c.a(memset.o)
                0x0000000000000bb0                memset
 .text.__weak_main
                0x0000000000000bb8        0x8 /Applications/lpcxpresso_6.1.2_177/lpcxpresso/tools/bin/../lib/gcc/arm-none-eabi/4.6.2/../../../../arm-none-eabi/lib/armv6-m/libcr_c.a(__weak__main.o)
                0x0000000000000bb8                __main
                0x0000000000000bb8                __weak_main
 .text.__aeabi_division_uidivmod
                0x0000000000000bc0       0x72 /Applications/lpcxpresso_6.1.2_177/lpcxpresso/tools/bin/../lib/gcc/arm-none-eabi/4.6.2/armv6-m/libcr_eabihelpers.a(division.o)
                0x0000000000000bc0                __aeabi_uidiv
                0x0000000000000bc0                __aeabi_uidivmod
 .text.__aeabi_division_idiv0
                0x0000000000000c32        0x2 /Applications/lpcxpresso_6.1.2_177/lpcxpresso/tools/bin/../lib/gcc/arm-none-eabi/4.6.2/armv6-m/libcr_eabihelpers.a(division.o)
                0x0000000000000c32                __aeabi_idiv0
 .text.__aeabi_memset_lowlevel
                0x0000000000000c34       0x2a /Applications/lpcxpresso_6.1.2_177/lpcxpresso/tools/bin/../lib/gcc/arm-none-eabi/4.6.2/armv6-m/libcr_eabihelpers.a(memcpy.o)
                0x0000000000000c34                __aeabi_lowlevel_memset
 *(.rodata .rodata.* .constdata .constdata.*)
 *fill*         0x0000000000000c5e        0x2 00
 .rodata.VCOM_DeviceDescriptor
                0x0000000000000c60       0x14 ./src/cdc_desc.o
                0x0000000000000c60                VCOM_DeviceDescriptor
 .rodata.VCOM_ConfigDescriptor
                0x0000000000000c74       0x44 ./src/cdc_desc.o
                0x0000000000000c74                VCOM_ConfigDescriptor
 .rodata.VCOM_StringDescriptor
                0x0000000000000cb8       0x28 ./src/cdc_desc.o
                0x0000000000000cb8                VCOM_StringDescriptor
 .rodata.CSWTCH.8
                0x0000000000000ce0       0x3c /Users/yishii/Dropbox/lpcXpresso/LPC11Uxx_Driver_Lib/Release/libLPC11Uxx_Driver_Lib.a(system_LPC11Uxx.o)
                0x0000000000000d1c                . = ALIGN (0x4)

.glue_7         0x0000000000000d1c        0x0
 .glue_7        0x0000000000000000        0x0 linker stubs

.glue_7t        0x0000000000000d1c        0x0
 .glue_7t       0x0000000000000000        0x0 linker stubs

.vfp11_veneer   0x0000000000000d1c        0x0
 .vfp11_veneer  0x0000000000000000        0x0 linker stubs

.v4_bx          0x0000000000000d1c        0x0
 .v4_bx         0x0000000000000000        0x0 linker stubs

.ARM.extab
 *(.ARM.extab* .gnu.linkonce.armextab.*)
                0x0000000000000d1c                __exidx_start = .

.ARM.exidx
 *(.ARM.exidx* .gnu.linkonce.armexidx.*)
                0x0000000000000d1c                __exidx_end = .
                0x0000000000000d1c                _etext = .

.data_RAM2      0x0000000020004000        0x0 load address 0x0000000000000d1c
 FILL mask 0xff
 *(.data.$RAM2*)
 *(.data.$RamUsb2*)
                0x0000000020004000                . = ALIGN (0x4)

.uninit_RESERVED
                0x0000000010000000        0x0
 *(.bss.$RESERVED*)
                0x0000000010000000                . = ALIGN (0x4)
                0x0000000010000000                _end_uninit_RESERVED = .

.data           0x0000000010000000        0x4 load address 0x0000000000000d1c
 FILL mask 0xff
                0x0000000010000000                _data = .
 *(vtable)
 *(.data*)
 .data.SystemCoreClock
                0x0000000010000000        0x4 /Users/yishii/Dropbox/lpcXpresso/LPC11Uxx_Driver_Lib/Release/libLPC11Uxx_Driver_Lib.a(system_LPC11Uxx.o)
                0x0000000010000000                SystemCoreClock
                0x0000000010000004                . = ALIGN (0x4)
                0x0000000010000004                _edata = .

.bss_RAM2       0x0000000020004000        0x0
 *(.bss.$RAM2*)
 *(.bss.$RamUsb2*)
                0x0000000020004000                . = ALIGN (0x4)

.bss            0x0000000010000004       0x2c
                0x0000000010000004                _bss = .
 *(.bss*)
 *(COMMON)
 COMMON         0x0000000010000004       0x2c ./src/main.o
                0x0000000010000004                g_vCOM
                0x000000001000002c                pUsbApi
                0x0000000010000030                . = ALIGN (0x4)
                0x0000000010000030                _ebss = .
                0x0000000010000030                PROVIDE (end, .)

.noinit_RAM2    0x0000000020004000        0x0
 *(.noinit.$RAM2*)
 *(.noinit.$RamUsb2*)
                0x0000000020004000                . = ALIGN (0x4)

.noinit         0x0000000010000030        0x0
                0x0000000010000030                _noinit = .
 *(.noinit*)
                0x0000000010000030                . = ALIGN (0x4)
                0x0000000010000030                _end_noinit = .
                0x0000000010000030                PROVIDE (_pvHeapStart, .)
                0x0000000010001800                PROVIDE (_vStackTop, (__top_RamLoc6 - 0x0))
OUTPUT(USB_ROM_CDC.axf elf32-littlearm)

.debug_info     0x0000000000000000     0x2fe4
 .debug_info    0x0000000000000000       0xf0 ./src/cdc_desc.o
 .debug_info    0x00000000000000f0      0x296 ./src/cr_startup_lpc11u.o
 .debug_info    0x0000000000000386     0x268e ./src/main.o
 .debug_info    0x0000000000002a14      0x5d0 /Users/yishii/Dropbox/lpcXpresso/LPC11Uxx_Driver_Lib/Release/libLPC11Uxx_Driver_Lib.a(system_LPC11Uxx.o)

.debug_abbrev   0x0000000000000000      0x51c
 .debug_abbrev  0x0000000000000000       0x63 ./src/cdc_desc.o
 .debug_abbrev  0x0000000000000063      0x116 ./src/cr_startup_lpc11u.o
 .debug_abbrev  0x0000000000000179      0x2ac ./src/main.o
 .debug_abbrev  0x0000000000000425       0xf7 /Users/yishii/Dropbox/lpcXpresso/LPC11Uxx_Driver_Lib/Release/libLPC11Uxx_Driver_Lib.a(system_LPC11Uxx.o)

.debug_line     0x0000000000000000     0x11a1
 .debug_line    0x0000000000000000      0x46f ./src/cdc_desc.o
 .debug_line    0x000000000000046f      0x41b ./src/cr_startup_lpc11u.o
 .debug_line    0x000000000000088a      0x71b ./src/main.o
 .debug_line    0x0000000000000fa5      0x1fc /Users/yishii/Dropbox/lpcXpresso/LPC11Uxx_Driver_Lib/Release/libLPC11Uxx_Driver_Lib.a(system_LPC11Uxx.o)

.debug_macinfo  0x0000000000000000    0x16aa2
 .debug_macinfo
                0x0000000000000000     0x7fd2 ./src/cdc_desc.o
 .debug_macinfo
                0x0000000000007fd2     0x522b ./src/cr_startup_lpc11u.o
 .debug_macinfo
                0x000000000000d1fd     0x98a5 ./src/main.o

.debug_str      0x0000000000000000     0x1b38
 .debug_str     0x0000000000000000      0x12f ./src/cdc_desc.o
                                        0x151 (size before relaxing)
 .debug_str     0x000000000000012f      0x12f ./src/cr_startup_lpc11u.o
                                        0x22a (size before relaxing)
 .debug_str     0x000000000000025e     0x1855 ./src/main.o
                                       0x1a6c (size before relaxing)
 .debug_str     0x0000000000001ab3       0x85 /Users/yishii/Dropbox/lpcXpresso/LPC11Uxx_Driver_Lib/Release/libLPC11Uxx_Driver_Lib.a(system_LPC11Uxx.o)
                                        0x3c4 (size before relaxing)

.comment        0x0000000000000000       0x70
 .comment       0x0000000000000000       0x70 ./src/cdc_desc.o
                                         0x71 (size before relaxing)
 .comment       0x0000000000000000       0x71 ./src/cr_startup_lpc11u.o
 .comment       0x0000000000000000       0x71 ./src/main.o
 .comment       0x0000000000000000       0x71 /Users/yishii/Dropbox/lpcXpresso/LPC11Uxx_Driver_Lib/Release/libLPC11Uxx_Driver_Lib.a(system_LPC11Uxx.o)
 .comment       0x0000000000000000       0x71 /Applications/lpcxpresso_6.1.2_177/lpcxpresso/tools/bin/../lib/gcc/arm-none-eabi/4.6.2/../../../../arm-none-eabi/lib/armv6-m/libcr_c.a(memset.o)
 .comment       0x0000000000000000       0x71 /Applications/lpcxpresso_6.1.2_177/lpcxpresso/tools/bin/../lib/gcc/arm-none-eabi/4.6.2/../../../../arm-none-eabi/lib/armv6-m/libcr_c.a(__weak__main.o)

.ARM.attributes
                0x0000000000000000       0x2f
 .ARM.attributes
                0x0000000000000000       0x31 ./src/cdc_desc.o
 .ARM.attributes
                0x0000000000000031       0x31 ./src/cr_startup_lpc11u.o
 .ARM.attributes
                0x0000000000000062       0x31 ./src/main.o
 .ARM.attributes
                0x0000000000000093       0x31 /Users/yishii/Dropbox/lpcXpresso/LPC11Uxx_Driver_Lib/Release/libLPC11Uxx_Driver_Lib.a(system_LPC11Uxx.o)
 .ARM.attributes
                0x00000000000000c4       0x31 /Applications/lpcxpresso_6.1.2_177/lpcxpresso/tools/bin/../lib/gcc/arm-none-eabi/4.6.2/../../../../arm-none-eabi/lib/armv6-m/libcr_c.a(memset.o)
 .ARM.attributes
                0x00000000000000f5       0x31 /Applications/lpcxpresso_6.1.2_177/lpcxpresso/tools/bin/../lib/gcc/arm-none-eabi/4.6.2/../../../../arm-none-eabi/lib/armv6-m/libcr_c.a(__weak__main.o)
 .ARM.attributes
                0x0000000000000126       0x21 /Applications/lpcxpresso_6.1.2_177/lpcxpresso/tools/bin/../lib/gcc/arm-none-eabi/4.6.2/armv6-m/libcr_eabihelpers.a(division.o)
 .ARM.attributes
                0x0000000000000147       0x21 /Applications/lpcxpresso_6.1.2_177/lpcxpresso/tools/bin/../lib/gcc/arm-none-eabi/4.6.2/armv6-m/libcr_eabihelpers.a(memcpy.o)

.debug_loc      0x0000000000000000      0x64b
 .debug_loc     0x0000000000000000      0x28f ./src/cr_startup_lpc11u.o
 .debug_loc     0x000000000000028f      0x332 ./src/main.o
 .debug_loc     0x00000000000005c1       0x8a /Users/yishii/Dropbox/lpcXpresso/LPC11Uxx_Driver_Lib/Release/libLPC11Uxx_Driver_Lib.a(system_LPC11Uxx.o)

.debug_aranges  0x0000000000000000      0x118
 .debug_aranges
                0x0000000000000000       0x60 ./src/cr_startup_lpc11u.o
 .debug_aranges
                0x0000000000000060       0x90 ./src/main.o
 .debug_aranges
                0x00000000000000f0       0x28 /Users/yishii/Dropbox/lpcXpresso/LPC11Uxx_Driver_Lib/Release/libLPC11Uxx_Driver_Lib.a(system_LPC11Uxx.o)

.debug_ranges   0x0000000000000000       0xe8
 .debug_ranges  0x0000000000000000       0x50 ./src/cr_startup_lpc11u.o
 .debug_ranges  0x0000000000000050       0x80 ./src/main.o
 .debug_ranges  0x00000000000000d0       0x18 /Users/yishii/Dropbox/lpcXpresso/LPC11Uxx_Driver_Lib/Release/libLPC11Uxx_Driver_Lib.a(system_LPC11Uxx.o)

.debug_frame    0x0000000000000000      0x324
 .debug_frame   0x0000000000000000       0xec ./src/cr_startup_lpc11u.o
 .debug_frame   0x00000000000000ec      0x1ec ./src/main.o
 .debug_frame   0x00000000000002d8       0x4c /Users/yishii/Dropbox/lpcXpresso/LPC11Uxx_Driver_Lib/Release/libLPC11Uxx_Driver_Lib.a(system_LPC11Uxx.o)
